Archive member included to satisfy reference by file (symbol)

c:/st/stm32cubeide_1.3.0/stm32cubeide/plugins/com.st.stm32cube.ide.mcu.externaltools.gnu-tools-for-stm32.7-2018-q2-update.win32_1.0.0.201904181610/tools/bin/../lib/gcc/arm-none-eabi/7.3.1/../../../../arm-none-eabi/lib/thumb/v7-m\libc_nano.a(lib_a-errno.o)
                              Core/Src/syscalls.o (__errno)
c:/st/stm32cubeide_1.3.0/stm32cubeide/plugins/com.st.stm32cube.ide.mcu.externaltools.gnu-tools-for-stm32.7-2018-q2-update.win32_1.0.0.201904181610/tools/bin/../lib/gcc/arm-none-eabi/7.3.1/../../../../arm-none-eabi/lib/thumb/v7-m\libc_nano.a(lib_a-exit.o)
                              c:/st/stm32cubeide_1.3.0/stm32cubeide/plugins/com.st.stm32cube.ide.mcu.externaltools.gnu-tools-for-stm32.7-2018-q2-update.win32_1.0.0.201904181610/tools/bin/../lib/gcc/arm-none-eabi/7.3.1/../../../../arm-none-eabi/lib/thumb/v7-m/crt0.o (exit)
c:/st/stm32cubeide_1.3.0/stm32cubeide/plugins/com.st.stm32cube.ide.mcu.externaltools.gnu-tools-for-stm32.7-2018-q2-update.win32_1.0.0.201904181610/tools/bin/../lib/gcc/arm-none-eabi/7.3.1/../../../../arm-none-eabi/lib/thumb/v7-m\libc_nano.a(lib_a-impure.o)
                              c:/st/stm32cubeide_1.3.0/stm32cubeide/plugins/com.st.stm32cube.ide.mcu.externaltools.gnu-tools-for-stm32.7-2018-q2-update.win32_1.0.0.201904181610/tools/bin/../lib/gcc/arm-none-eabi/7.3.1/../../../../arm-none-eabi/lib/thumb/v7-m\libc_nano.a(lib_a-exit.o) (_global_impure_ptr)
c:/st/stm32cubeide_1.3.0/stm32cubeide/plugins/com.st.stm32cube.ide.mcu.externaltools.gnu-tools-for-stm32.7-2018-q2-update.win32_1.0.0.201904181610/tools/bin/../lib/gcc/arm-none-eabi/7.3.1/../../../../arm-none-eabi/lib/thumb/v7-m\libc_nano.a(lib_a-init.o)
                              c:/st/stm32cubeide_1.3.0/stm32cubeide/plugins/com.st.stm32cube.ide.mcu.externaltools.gnu-tools-for-stm32.7-2018-q2-update.win32_1.0.0.201904181610/tools/bin/../lib/gcc/arm-none-eabi/7.3.1/../../../../arm-none-eabi/lib/thumb/v7-m/crt0.o (__libc_init_array)
c:/st/stm32cubeide_1.3.0/stm32cubeide/plugins/com.st.stm32cube.ide.mcu.externaltools.gnu-tools-for-stm32.7-2018-q2-update.win32_1.0.0.201904181610/tools/bin/../lib/gcc/arm-none-eabi/7.3.1/../../../../arm-none-eabi/lib/thumb/v7-m\libc_nano.a(lib_a-memset.o)
                              c:/st/stm32cubeide_1.3.0/stm32cubeide/plugins/com.st.stm32cube.ide.mcu.externaltools.gnu-tools-for-stm32.7-2018-q2-update.win32_1.0.0.201904181610/tools/bin/../lib/gcc/arm-none-eabi/7.3.1/../../../../arm-none-eabi/lib/thumb/v7-m/crt0.o (memset)

Allocating common symbols
Common symbol       size              file

uwTick              0x4               Drivers/STM32F1xx_HAL_Driver/Src/stm32f1xx_hal.o
pFlash              0x20              Drivers/STM32F1xx_HAL_Driver/Src/stm32f1xx_hal_flash.o
htim2               0x48              Core/Src/main.o

Discarded input sections

 .text          0x0000000000000000        0x0 c:/st/stm32cubeide_1.3.0/stm32cubeide/plugins/com.st.stm32cube.ide.mcu.externaltools.gnu-tools-for-stm32.7-2018-q2-update.win32_1.0.0.201904181610/tools/bin/../lib/gcc/arm-none-eabi/7.3.1/thumb/v7-m/crti.o
 .data          0x0000000000000000        0x0 c:/st/stm32cubeide_1.3.0/stm32cubeide/plugins/com.st.stm32cube.ide.mcu.externaltools.gnu-tools-for-stm32.7-2018-q2-update.win32_1.0.0.201904181610/tools/bin/../lib/gcc/arm-none-eabi/7.3.1/thumb/v7-m/crti.o
 .bss           0x0000000000000000        0x0 c:/st/stm32cubeide_1.3.0/stm32cubeide/plugins/com.st.stm32cube.ide.mcu.externaltools.gnu-tools-for-stm32.7-2018-q2-update.win32_1.0.0.201904181610/tools/bin/../lib/gcc/arm-none-eabi/7.3.1/thumb/v7-m/crti.o
 .data          0x0000000000000000        0x4 c:/st/stm32cubeide_1.3.0/stm32cubeide/plugins/com.st.stm32cube.ide.mcu.externaltools.gnu-tools-for-stm32.7-2018-q2-update.win32_1.0.0.201904181610/tools/bin/../lib/gcc/arm-none-eabi/7.3.1/thumb/v7-m/crtbegin.o
 .text          0x0000000000000000       0x74 c:/st/stm32cubeide_1.3.0/stm32cubeide/plugins/com.st.stm32cube.ide.mcu.externaltools.gnu-tools-for-stm32.7-2018-q2-update.win32_1.0.0.201904181610/tools/bin/../lib/gcc/arm-none-eabi/7.3.1/../../../../arm-none-eabi/lib/thumb/v7-m/crt0.o
 .data          0x0000000000000000        0x0 c:/st/stm32cubeide_1.3.0/stm32cubeide/plugins/com.st.stm32cube.ide.mcu.externaltools.gnu-tools-for-stm32.7-2018-q2-update.win32_1.0.0.201904181610/tools/bin/../lib/gcc/arm-none-eabi/7.3.1/../../../../arm-none-eabi/lib/thumb/v7-m/crt0.o
 .bss           0x0000000000000000        0x0 c:/st/stm32cubeide_1.3.0/stm32cubeide/plugins/com.st.stm32cube.ide.mcu.externaltools.gnu-tools-for-stm32.7-2018-q2-update.win32_1.0.0.201904181610/tools/bin/../lib/gcc/arm-none-eabi/7.3.1/../../../../arm-none-eabi/lib/thumb/v7-m/crt0.o
[...]
Memory Configuration

Name             Origin             Length             Attributes
RAM              0x0000000020000000 0x0000000000005000 xrw
FLASH            0x0000000008000000 0x0000000000020000 xr
*default*        0x0000000000000000 0xffffffffffffffff

Linker script and memory map

LOAD c:/st/stm32cubeide_1.3.0/stm32cubeide/plugins/com.st.stm32cube.ide.mcu.externaltools.gnu-tools-for-stm32.7-2018-q2-update.win32_1.0.0.201904181610/tools/bin/../lib/gcc/arm-none-eabi/7.3.1/thumb/v7-m/crti.o
LOAD c:/st/stm32cubeide_1.3.0/stm32cubeide/plugins/com.st.stm32cube.ide.mcu.externaltools.gnu-tools-for-stm32.7-2018-q2-update.win32_1.0.0.201904181610/tools/bin/../lib/gcc/arm-none-eabi/7.3.1/thumb/v7-m/crtbegin.o
LOAD c:/st/stm32cubeide_1.3.0/stm32cubeide/plugins/com.st.stm32cube.ide.mcu.externaltools.gnu-tools-for-stm32.7-2018-q2-update.win32_1.0.0.201904181610/tools/bin/../lib/gcc/arm-none-eabi/7.3.1/../../../../arm-none-eabi/lib/thumb/v7-m/crt0.o
LOAD Core/Src/Example/ws2812b/ws2812b_example.o
LOAD Core/Src/Peripheral_Drivers/ws2812b/ws2812b.o
LOAD Core/Src/main.o
LOAD Core/Src/stm32f1xx_hal_msp.o
LOAD Core/Src/stm32f1xx_it.o
LOAD Core/Src/syscalls.o
LOAD Core/Src/sysmem.o
LOAD Core/Src/system_stm32f1xx.o
LOAD Core/Startup/startup_stm32f103rbtx.o
LOAD Drivers/STM32F1xx_HAL_Driver/Src/stm32f1xx_hal.o
LOAD Drivers/STM32F1xx_HAL_Driver/Src/stm32f1xx_hal_cortex.o
LOAD Drivers/STM32F1xx_HAL_Driver/Src/stm32f1xx_hal_dma.o
LOAD Drivers/STM32F1xx_HAL_Driver/Src/stm32f1xx_hal_exti.o
LOAD Drivers/STM32F1xx_HAL_Driver/Src/stm32f1xx_hal_flash.o
LOAD Drivers/STM32F1xx_HAL_Driver/Src/stm32f1xx_hal_flash_ex.o
LOAD Drivers/STM32F1xx_HAL_Driver/Src/stm32f1xx_hal_gpio.o
LOAD Drivers/STM32F1xx_HAL_Driver/Src/stm32f1xx_hal_gpio_ex.o
LOAD Drivers/STM32F1xx_HAL_Driver/Src/stm32f1xx_hal_pwr.o
LOAD Drivers/STM32F1xx_HAL_Driver/Src/stm32f1xx_hal_rcc.o
LOAD Drivers/STM32F1xx_HAL_Driver/Src/stm32f1xx_hal_rcc_ex.o
LOAD Drivers/STM32F1xx_HAL_Driver/Src/stm32f1xx_hal_tim.o
LOAD Drivers/STM32F1xx_HAL_Driver/Src/stm32f1xx_hal_tim_ex.o
START GROUP
LOAD c:/st/stm32cubeide_1.3.0/stm32cubeide/plugins/com.st.stm32cube.ide.mcu.externaltools.gnu-tools-for-stm32.7-2018-q2-update.win32_1.0.0.201904181610/tools/bin/../lib/gcc/arm-none-eabi/7.3.1/../../../../arm-none-eabi/lib/thumb/v7-m\libc_nano.a
LOAD c:/st/stm32cubeide_1.3.0/stm32cubeide/plugins/com.st.stm32cube.ide.mcu.externaltools.gnu-tools-for-stm32.7-2018-q2-update.win32_1.0.0.201904181610/tools/bin/../lib/gcc/arm-none-eabi/7.3.1/../../../../arm-none-eabi/lib/thumb/v7-m\libm.a
END GROUP
START GROUP
LOAD c:/st/stm32cubeide_1.3.0/stm32cubeide/plugins/com.st.stm32cube.ide.mcu.externaltools.gnu-tools-for-stm32.7-2018-q2-update.win32_1.0.0.201904181610/tools/bin/../lib/gcc/arm-none-eabi/7.3.1/thumb/v7-m\libgcc.a
LOAD c:/st/stm32cubeide_1.3.0/stm32cubeide/plugins/com.st.stm32cube.ide.mcu.externaltools.gnu-tools-for-stm32.7-2018-q2-update.win32_1.0.0.201904181610/tools/bin/../lib/gcc/arm-none-eabi/7.3.1/../../../../arm-none-eabi/lib/thumb/v7-m\libc_nano.a
END GROUP
START GROUP
LOAD c:/st/stm32cubeide_1.3.0/stm32cubeide/plugins/com.st.stm32cube.ide.mcu.externaltools.gnu-tools-for-stm32.7-2018-q2-update.win32_1.0.0.201904181610/tools/bin/../lib/gcc/arm-none-eabi/7.3.1/thumb/v7-m\libgcc.a
LOAD c:/st/stm32cubeide_1.3.0/stm32cubeide/plugins/com.st.stm32cube.ide.mcu.externaltools.gnu-tools-for-stm32.7-2018-q2-update.win32_1.0.0.201904181610/tools/bin/../lib/gcc/arm-none-eabi/7.3.1/../../../../arm-none-eabi/lib/thumb/v7-m\libc_nano.a
LOAD c:/st/stm32cubeide_1.3.0/stm32cubeide/plugins/com.st.stm32cube.ide.mcu.externaltools.gnu-tools-for-stm32.7-2018-q2-update.win32_1.0.0.201904181610/tools/bin/../lib/gcc/arm-none-eabi/7.3.1/../../../../arm-none-eabi/lib/thumb/v7-m\libnosys.a
END GROUP
START GROUP
LOAD c:/st/stm32cubeide_1.3.0/stm32cubeide/plugins/com.st.stm32cube.ide.mcu.externaltools.gnu-tools-for-stm32.7-2018-q2-update.win32_1.0.0.201904181610/tools/bin/../lib/gcc/arm-none-eabi/7.3.1/thumb/v7-m\libgcc.a
LOAD c:/st/stm32cubeide_1.3.0/stm32cubeide/plugins/com.st.stm32cube.ide.mcu.externaltools.gnu-tools-for-stm32.7-2018-q2-update.win32_1.0.0.201904181610/tools/bin/../lib/gcc/arm-none-eabi/7.3.1/../../../../arm-none-eabi/lib/thumb/v7-m\libc_nano.a
LOAD c:/st/stm32cubeide_1.3.0/stm32cubeide/plugins/com.st.stm32cube.ide.mcu.externaltools.gnu-tools-for-stm32.7-2018-q2-update.win32_1.0.0.201904181610/tools/bin/../lib/gcc/arm-none-eabi/7.3.1/../../../../arm-none-eabi/lib/thumb/v7-m\libnosys.a
END GROUP
LOAD c:/st/stm32cubeide_1.3.0/stm32cubeide/plugins/com.st.stm32cube.ide.mcu.externaltools.gnu-tools-for-stm32.7-2018-q2-update.win32_1.0.0.201904181610/tools/bin/../lib/gcc/arm-none-eabi/7.3.1/thumb/v7-m/crtend.o
LOAD c:/st/stm32cubeide_1.3.0/stm32cubeide/plugins/com.st.stm32cube.ide.mcu.externaltools.gnu-tools-for-stm32.7-2018-q2-update.win32_1.0.0.201904181610/tools/bin/../lib/gcc/arm-none-eabi/7.3.1/thumb/v7-m/crtn.o
                0x0000000020005000                _estack = (ORIGIN (RAM) + LENGTH (RAM))
                0x0000000000000200                _Min_Heap_Size = 0x200
                0x0000000000000400                _Min_Stack_Size = 0x400

.isr_vector     0x0000000008000000      0x10c
                0x0000000008000000                . = ALIGN (0x4)
 *(.isr_vector)
 .isr_vector    0x0000000008000000      0x10c Core/Startup/startup_stm32f103rbtx.o
                0x0000000008000000                g_pfnVectors
                0x000000000800010c                . = ALIGN (0x4)

.text           0x000000000800010c     0x1088
                0x000000000800010c                . = ALIGN (0x4)
 *(.text)
 .text          0x000000000800010c       0x40 c:/st/stm32cubeide_1.3.0/stm32cubeide/plugins/com.st.stm32cube.ide.mcu.externaltools.gnu-tools-for-stm32.7-2018-q2-update.win32_1.0.0.201904181610/tools/bin/../lib/gcc/arm-none-eabi/7.3.1/thumb/v7-m/crtbegin.o
 *(.text*)
 .text.running_example
                0x000000000800014c       0x4c Core/Src/Example/ws2812b/ws2812b_example.o
                0x000000000800014c                running_example
 .text.running_example_2
                0x0000000008000198       0x3c Core/Src/Example/ws2812b/ws2812b_example.o
                0x0000000008000198                running_example_2
 .text.clear_ws2812b_buffer
                0x00000000080001d4       0x24 Core/Src/Peripheral_Drivers/ws2812b/ws2812b.o
                0x00000000080001d4                clear_ws2812b_buffer
 .text.WS2812B_Write
                0x00000000080001f8      0x454 Core/Src/Peripheral_Drivers/ws2812b/ws2812b.o
                0x00000000080001f8                WS2812B_Write
 .text.set_led  0x000000000800064c       0x20 Core/Src/Peripheral_Drivers/ws2812b/ws2812b.o
                0x000000000800064c                set_led
 .text.set_all_leds
                0x000000000800066c       0x34 Core/Src/Peripheral_Drivers/ws2812b/ws2812b.o
                0x000000000800066c                set_all_leds
 .text.SystemClock_Config
                0x00000000080006a0       0x54 Core/Src/main.o
                0x00000000080006a0                SystemClock_Config
 .text.startup.main
                0x00000000080006f4       0x90 Core/Src/main.o
                0x00000000080006f4                main
 .text.HAL_MspInit
                0x0000000008000784       0x44 Core/Src/stm32f1xx_hal_msp.o
                0x0000000008000784                HAL_MspInit
 .text.NMI_Handler
                0x00000000080007c8        0x4 Core/Src/stm32f1xx_it.o
                0x00000000080007c8                NMI_Handler
 .text.HardFault_Handler
                0x00000000080007cc        0x4 Core/Src/stm32f1xx_it.o
                0x00000000080007cc                HardFault_Handler
 .text.MemManage_Handler
                0x00000000080007d0        0x4 Core/Src/stm32f1xx_it.o
                0x00000000080007d0                MemManage_Handler
 .text.BusFault_Handler
                0x00000000080007d4        0x4 Core/Src/stm32f1xx_it.o
                0x00000000080007d4                BusFault_Handler
 .text.UsageFault_Handler
                0x00000000080007d8        0x4 Core/Src/stm32f1xx_it.o
                0x00000000080007d8                UsageFault_Handler
 .text.SVC_Handler
                0x00000000080007dc        0x4 Core/Src/stm32f1xx_it.o
                0x00000000080007dc                SVC_Handler
 .text.DebugMon_Handler
                0x00000000080007e0        0x4 Core/Src/stm32f1xx_it.o
                0x00000000080007e0                DebugMon_Handler
 .text.PendSV_Handler
                0x00000000080007e4        0x4 Core/Src/stm32f1xx_it.o
                0x00000000080007e4                PendSV_Handler
 .text.SysTick_Handler
                0x00000000080007e8        0x4 Core/Src/stm32f1xx_it.o
                0x00000000080007e8                SysTick_Handler
 .text.SystemInit
                0x00000000080007ec        0x4 Core/Src/system_stm32f1xx.o
                0x00000000080007ec                SystemInit
 .text.Reset_Handler
                0x00000000080007f0       0x48 Core/Startup/startup_stm32f103rbtx.o
                0x00000000080007f0                Reset_Handler
 .text.Default_Handler
                0x0000000008000838        0x2 Core/Startup/startup_stm32f103rbtx.o
                0x0000000008000838                RTC_Alarm_IRQHandler
                0x0000000008000838                EXTI2_IRQHandler
                0x0000000008000838                TIM1_CC_IRQHandler
                0x0000000008000838                PVD_IRQHandler
                0x0000000008000838                EXTI3_IRQHandler
                0x0000000008000838                EXTI0_IRQHandler
                0x0000000008000838                I2C2_EV_IRQHandler
                0x0000000008000838                ADC1_2_IRQHandler
                0x0000000008000838                SPI1_IRQHandler
                0x0000000008000838                TAMPER_IRQHandler
                0x0000000008000838                DMA1_Channel4_IRQHandler
                0x0000000008000838                USART3_IRQHandler
                0x0000000008000838                RTC_IRQHandler
                0x0000000008000838                DMA1_Channel7_IRQHandler
                0x0000000008000838                CAN1_RX1_IRQHandler
                0x0000000008000838                TIM4_IRQHandler
                0x0000000008000838                I2C1_EV_IRQHandler
                0x0000000008000838                DMA1_Channel6_IRQHandler
                0x0000000008000838                TIM3_IRQHandler
                0x0000000008000838                RCC_IRQHandler
                0x0000000008000838                TIM1_TRG_COM_IRQHandler
                0x0000000008000838                DMA1_Channel1_IRQHandler
                0x0000000008000838                Default_Handler
                0x0000000008000838                EXTI15_10_IRQHandler
                0x0000000008000838                EXTI9_5_IRQHandler
                0x0000000008000838                SPI2_IRQHandler
                0x0000000008000838                DMA1_Channel5_IRQHandler
                0x0000000008000838                EXTI4_IRQHandler
                0x0000000008000838                USB_LP_CAN1_RX0_IRQHandler
                0x0000000008000838                USB_HP_CAN1_TX_IRQHandler
                0x0000000008000838                DMA1_Channel3_IRQHandler
                0x0000000008000838                TIM1_UP_IRQHandler
                0x0000000008000838                WWDG_IRQHandler
                0x0000000008000838                TIM2_IRQHandler
                0x0000000008000838                TIM1_BRK_IRQHandler
                0x0000000008000838                EXTI1_IRQHandler
                0x0000000008000838                USART2_IRQHandler
                0x0000000008000838                I2C2_ER_IRQHandler
                0x0000000008000838                DMA1_Channel2_IRQHandler
                0x0000000008000838                CAN1_SCE_IRQHandler
                0x0000000008000838                FLASH_IRQHandler
                0x0000000008000838                USART1_IRQHandler
                0x0000000008000838                I2C1_ER_IRQHandler
                0x0000000008000838                USBWakeUp_IRQHandler
 *fill*         0x000000000800083a        0x2 
 .text.HAL_InitTick
                0x000000000800083c       0x48 Drivers/STM32F1xx_HAL_Driver/Src/stm32f1xx_hal.o
                0x000000000800083c                HAL_InitTick
 .text.HAL_Init
                0x0000000008000884       0x24 Drivers/STM32F1xx_HAL_Driver/Src/stm32f1xx_hal.o
                0x0000000008000884                HAL_Init
 .text.HAL_IncTick
                0x00000000080008a8       0x18 Drivers/STM32F1xx_HAL_Driver/Src/stm32f1xx_hal.o
                0x00000000080008a8                HAL_IncTick
 .text.HAL_GetTick
                0x00000000080008c0        0xc Drivers/STM32F1xx_HAL_Driver/Src/stm32f1xx_hal.o
                0x00000000080008c0                HAL_GetTick
 .text.HAL_Delay
                0x00000000080008cc       0x24 Drivers/STM32F1xx_HAL_Driver/Src/stm32f1xx_hal.o
                0x00000000080008cc                HAL_Delay
 .text.HAL_NVIC_SetPriorityGrouping
                0x00000000080008f0       0x24 Drivers/STM32F1xx_HAL_Driver/Src/stm32f1xx_hal_cortex.o
                0x00000000080008f0                HAL_NVIC_SetPriorityGrouping
 .text.HAL_NVIC_SetPriority
                0x0000000008000914       0x6c Drivers/STM32F1xx_HAL_Driver/Src/stm32f1xx_hal_cortex.o
                0x0000000008000914                HAL_NVIC_SetPriority
 .text.HAL_SYSTICK_Config
                0x0000000008000980       0x30 Drivers/STM32F1xx_HAL_Driver/Src/stm32f1xx_hal_cortex.o
                0x0000000008000980                HAL_SYSTICK_Config
 .text.HAL_GPIO_Init
                0x00000000080009b0      0x1f4 Drivers/STM32F1xx_HAL_Driver/Src/stm32f1xx_hal_gpio.o
                0x00000000080009b0                HAL_GPIO_Init
 .text.HAL_GPIO_WritePin
                0x0000000008000ba4        0x8 Drivers/STM32F1xx_HAL_Driver/Src/stm32f1xx_hal_gpio.o
                0x0000000008000ba4                HAL_GPIO_WritePin
 .text.HAL_RCC_OscConfig
                0x0000000008000bac      0x3f0 Drivers/STM32F1xx_HAL_Driver/Src/stm32f1xx_hal_rcc.o
                0x0000000008000bac                HAL_RCC_OscConfig
 .text.HAL_RCC_ClockConfig
                0x0000000008000f9c      0x198 Drivers/STM32F1xx_HAL_Driver/Src/stm32f1xx_hal_rcc.o
                0x0000000008000f9c                HAL_RCC_ClockConfig
 .text.__libc_init_array
                0x0000000008001134       0x48 c:/st/stm32cubeide_1.3.0/stm32cubeide/plugins/com.st.stm32cube.ide.mcu.externaltools.gnu-tools-for-stm32.7-2018-q2-update.win32_1.0.0.201904181610/tools/bin/../lib/gcc/arm-none-eabi/7.3.1/../../../../arm-none-eabi/lib/thumb/v7-m\libc_nano.a(lib_a-init.o)
                0x0000000008001134                __libc_init_array
 *(.glue_7)
 .glue_7        0x000000000800117c        0x0 linker stubs
 *(.glue_7t)
 .glue_7t       0x000000000800117c        0x0 linker stubs
 *(.eh_frame)
 .eh_frame      0x000000000800117c        0x0 c:/st/stm32cubeide_1.3.0/stm32cubeide/plugins/com.st.stm32cube.ide.mcu.externaltools.gnu-tools-for-stm32.7-2018-q2-update.win32_1.0.0.201904181610/tools/bin/../lib/gcc/arm-none-eabi/7.3.1/thumb/v7-m/crtbegin.o
 *(.init)
 .init          0x000000000800117c        0x4 c:/st/stm32cubeide_1.3.0/stm32cubeide/plugins/com.st.stm32cube.ide.mcu.externaltools.gnu-tools-for-stm32.7-2018-q2-update.win32_1.0.0.201904181610/tools/bin/../lib/gcc/arm-none-eabi/7.3.1/thumb/v7-m/crti.o
                0x000000000800117c                _init
 .init          0x0000000008001180        0x8 c:/st/stm32cubeide_1.3.0/stm32cubeide/plugins/com.st.stm32cube.ide.mcu.externaltools.gnu-tools-for-stm32.7-2018-q2-update.win32_1.0.0.201904181610/tools/bin/../lib/gcc/arm-none-eabi/7.3.1/thumb/v7-m/crtn.o
 *(.fini)
 .fini          0x0000000008001188        0x4 c:/st/stm32cubeide_1.3.0/stm32cubeide/plugins/com.st.stm32cube.ide.mcu.externaltools.gnu-tools-for-stm32.7-2018-q2-update.win32_1.0.0.201904181610/tools/bin/../lib/gcc/arm-none-eabi/7.3.1/thumb/v7-m/crti.o
                0x0000000008001188                _fini
 .fini          0x000000000800118c        0x8 c:/st/stm32cubeide_1.3.0/stm32cubeide/plugins/com.st.stm32cube.ide.mcu.externaltools.gnu-tools-for-stm32.7-2018-q2-update.win32_1.0.0.201904181610/tools/bin/../lib/gcc/arm-none-eabi/7.3.1/thumb/v7-m/crtn.o
                0x0000000008001194                . = ALIGN (0x4)
                0x0000000008001194                _etext = .

.vfp11_veneer   0x0000000008001194        0x0
 .vfp11_veneer  0x0000000008001194        0x0 linker stubs

.v4_bx          0x0000000008001194        0x0
 .v4_bx         0x0000000008001194        0x0 linker stubs

.iplt           0x0000000008001194        0x0
 .iplt          0x0000000008001194        0x0 c:/st/stm32cubeide_1.3.0/stm32cubeide/plugins/com.st.stm32cube.ide.mcu.externaltools.gnu-tools-for-stm32.7-2018-q2-update.win32_1.0.0.201904181610/tools/bin/../lib/gcc/arm-none-eabi/7.3.1/thumb/v7-m/crtbegin.o

.rodata         0x0000000008001194       0x20
                0x0000000008001194                . = ALIGN (0x4)
 *(.rodata)
 .rodata        0x0000000008001194       0x10 Drivers/STM32F1xx_HAL_Driver/Src/stm32f1xx_hal_rcc.o
 *(.rodata*)
 .rodata.AHBPrescTable
                0x00000000080011a4       0x10 Core/Src/system_stm32f1xx.o
                0x00000000080011a4                AHBPrescTable
                0x00000000080011b4                . = ALIGN (0x4)

.rel.dyn        0x00000000080011b4        0x0
 .rel.iplt      0x00000000080011b4        0x0 c:/st/stm32cubeide_1.3.0/stm32cubeide/plugins/com.st.stm32cube.ide.mcu.externaltools.gnu-tools-for-stm32.7-2018-q2-update.win32_1.0.0.201904181610/tools/bin/../lib/gcc/arm-none-eabi/7.3.1/thumb/v7-m/crtbegin.o

.ARM.extab      0x00000000080011b4        0x0
                0x00000000080011b4                . = ALIGN (0x4)
 *(.ARM.extab* .gnu.linkonce.armextab.*)
                0x00000000080011b4                . = ALIGN (0x4)

.ARM            0x00000000080011b4        0x0
                0x00000000080011b4                . = ALIGN (0x4)
                0x00000000080011b4                __exidx_start = .
 *(.ARM.exidx*)
                0x00000000080011b4                __exidx_end = .
                0x00000000080011b4                . = ALIGN (0x4)

.preinit_array  0x00000000080011b4        0x0
                0x00000000080011b4                . = ALIGN (0x4)
                0x00000000080011b4                PROVIDE (__preinit_array_start = .)
 *(.preinit_array*)
                0x00000000080011b4                PROVIDE (__preinit_array_end = .)
                0x00000000080011b4                . = ALIGN (0x4)

.init_array     0x00000000080011b4        0x4
                0x00000000080011b4                . = ALIGN (0x4)
                0x00000000080011b4                PROVIDE (__init_array_start = .)
 *(SORT_BY_NAME(.init_array.*))
 *(.init_array*)
 .init_array    0x00000000080011b4        0x4 c:/st/stm32cubeide_1.3.0/stm32cubeide/plugins/com.st.stm32cube.ide.mcu.externaltools.gnu-tools-for-stm32.7-2018-q2-update.win32_1.0.0.201904181610/tools/bin/../lib/gcc/arm-none-eabi/7.3.1/thumb/v7-m/crtbegin.o
                0x00000000080011b8                PROVIDE (__init_array_end = .)
                0x00000000080011b8                . = ALIGN (0x4)

.fini_array     0x00000000080011b8        0x4
                0x00000000080011b8                . = ALIGN (0x4)
                [!provide]                        PROVIDE (__fini_array_start = .)
 *(SORT_BY_NAME(.fini_array.*))
 *(.fini_array*)
 .fini_array    0x00000000080011b8        0x4 c:/st/stm32cubeide_1.3.0/stm32cubeide/plugins/com.st.stm32cube.ide.mcu.externaltools.gnu-tools-for-stm32.7-2018-q2-update.win32_1.0.0.201904181610/tools/bin/../lib/gcc/arm-none-eabi/7.3.1/thumb/v7-m/crtbegin.o
                [!provide]                        PROVIDE (__fini_array_end = .)
                0x00000000080011bc                . = ALIGN (0x4)
                0x00000000080011bc                _sidata = LOADADDR (.data)

.data           0x0000000020000000       0x1c load address 0x00000000080011bc
                0x0000000020000000                . = ALIGN (0x4)
                0x0000000020000000                _sdata = .
 *(.data)
 *(.data*)
 .data.ws2812b  0x0000000020000000       0x10 Core/Src/Peripheral_Drivers/ws2812b/ws2812b.o
 .data.SystemCoreClock
                0x0000000020000010        0x4 Core/Src/system_stm32f1xx.o
                0x0000000020000010                SystemCoreClock
 .data.uwTickFreq
                0x0000000020000014        0x1 Drivers/STM32F1xx_HAL_Driver/Src/stm32f1xx_hal.o
                0x0000000020000014                uwTickFreq
 *fill*         0x0000000020000015        0x3 
 .data.uwTickPrio
                0x0000000020000018        0x4 Drivers/STM32F1xx_HAL_Driver/Src/stm32f1xx_hal.o
                0x0000000020000018                uwTickPrio
                0x000000002000001c                . = ALIGN (0x4)
                0x000000002000001c                _edata = .

.igot.plt       0x000000002000001c        0x0 load address 0x00000000080011d8
 .igot.plt      0x000000002000001c        0x0 c:/st/stm32cubeide_1.3.0/stm32cubeide/plugins/com.st.stm32cube.ide.mcu.externaltools.gnu-tools-for-stm32.7-2018-q2-update.win32_1.0.0.201904181610/tools/bin/../lib/gcc/arm-none-eabi/7.3.1/thumb/v7-m/crtbegin.o
                0x000000002000001c                . = ALIGN (0x4)

.bss            0x000000002000001c       0x30 load address 0x00000000080011d8
                0x000000002000001c                _sbss = .
                0x000000002000001c                __bss_start__ = _sbss
 *(.bss)
 .bss           0x000000002000001c       0x1c c:/st/stm32cubeide_1.3.0/stm32cubeide/plugins/com.st.stm32cube.ide.mcu.externaltools.gnu-tools-for-stm32.7-2018-q2-update.win32_1.0.0.201904181610/tools/bin/../lib/gcc/arm-none-eabi/7.3.1/thumb/v7-m/crtbegin.o
 *(.bss*)
 .bss.current_led.6632
                0x0000000020000038        0x1 Core/Src/Example/ws2812b/ws2812b_example.o
 *fill*         0x0000000020000039        0x3 
 .bss.leds      0x000000002000003c        0xc Core/Src/Peripheral_Drivers/ws2812b/ws2812b.o
 *(COMMON)
 COMMON         0x0000000020000048        0x4 Drivers/STM32F1xx_HAL_Driver/Src/stm32f1xx_hal.o
                0x0000000020000048                uwTick
                0x000000002000004c                . = ALIGN (0x4)
                0x000000002000004c                _ebss = .
                0x000000002000004c                __bss_end__ = _ebss

._user_heap_stack
                0x000000002000004c      0x604 load address 0x00000000080011d8
                0x0000000020000050                . = ALIGN (0x8)
 *fill*         0x000000002000004c        0x4 
                0x0000000020000050                PROVIDE (end = .)
                [!provide]                        PROVIDE (_end = .)
                0x0000000020000250                . = (. + _Min_Heap_Size)
 *fill*         0x0000000020000050      0x200 
                0x0000000020000650                . = (. + _Min_Stack_Size)
 *fill*         0x0000000020000250      0x400 
                0x0000000020000650                . = ALIGN (0x8)

/DISCARD/
 libc.a(*)
 libm.a(*)
 libgcc.a(*)

.ARM.attributes
                0x0000000000000000       0x29
 *(.ARM.attributes)
 .ARM.attributes
                0x0000000000000000       0x1d c:/st/stm32cubeide_1.3.0/stm32cubeide/plugins/com.st.stm32cube.ide.mcu.externaltools.gnu-tools-for-stm32.7-2018-q2-update.win32_1.0.0.201904181610/tools/bin/../lib/gcc/arm-none-eabi/7.3.1/thumb/v7-m/crti.o
 .ARM.attributes
                0x000000000000001d       0x2d c:/st/stm32cubeide_1.3.0/stm32cubeide/plugins/com.st.stm32cube.ide.mcu.externaltools.gnu-tools-for-stm32.7-2018-q2-update.win32_1.0.0.201904181610/tools/bin/../lib/gcc/arm-none-eabi/7.3.1/thumb/v7-m/crtbegin.o
 .ARM.attributes
                0x000000000000004a       0x2f Core/Src/Example/ws2812b/ws2812b_example.o
 .ARM.attributes
                0x0000000000000079       0x2f Core/Src/Peripheral_Drivers/ws2812b/ws2812b.o
 .ARM.attributes
                0x00000000000000a8       0x2f Core/Src/main.o
 .ARM.attributes
                0x00000000000000d7       0x2f Core/Src/stm32f1xx_hal_msp.o
 .ARM.attributes
                0x0000000000000106       0x2f Core/Src/stm32f1xx_it.o
 .ARM.attributes
                0x0000000000000135       0x2f Core/Src/system_stm32f1xx.o
 .ARM.attributes
                0x0000000000000164       0x21 Core/Startup/startup_stm32f103rbtx.o
 .ARM.attributes
                0x0000000000000185       0x2f Drivers/STM32F1xx_HAL_Driver/Src/stm32f1xx_hal.o
 .ARM.attributes
                0x00000000000001b4       0x2f Drivers/STM32F1xx_HAL_Driver/Src/stm32f1xx_hal_cortex.o
 .ARM.attributes
                0x00000000000001e3       0x2f Drivers/STM32F1xx_HAL_Driver/Src/stm32f1xx_hal_gpio.o
 .ARM.attributes
                0x0000000000000212       0x2f Drivers/STM32F1xx_HAL_Driver/Src/stm32f1xx_hal_rcc.o
 .ARM.attributes
                0x0000000000000241       0x2d c:/st/stm32cubeide_1.3.0/stm32cubeide/plugins/com.st.stm32cube.ide.mcu.externaltools.gnu-tools-for-stm32.7-2018-q2-update.win32_1.0.0.201904181610/tools/bin/../lib/gcc/arm-none-eabi/7.3.1/../../../../arm-none-eabi/lib/thumb/v7-m\libc_nano.a(lib_a-init.o)
 .ARM.attributes
                0x000000000000026e       0x1d c:/st/stm32cubeide_1.3.0/stm32cubeide/plugins/com.st.stm32cube.ide.mcu.externaltools.gnu-tools-for-stm32.7-2018-q2-update.win32_1.0.0.201904181610/tools/bin/../lib/gcc/arm-none-eabi/7.3.1/thumb/v7-m/crtn.o
OUTPUT(SoftwareW2812.elf elf32-littlearm)

.debug_info     0x0000000000000000     0x60d3
 .debug_info    0x0000000000000000      0xb49 Core/Src/Example/ws2812b/ws2812b_example.o
 .debug_info    0x0000000000000b49      0xf2d Core/Src/Peripheral_Drivers/ws2812b/ws2812b.o
 .debug_info    0x0000000000001a76     0x1374 Core/Src/main.o
 .debug_info    0x0000000000002dea      0x84a Core/Src/stm32f1xx_hal_msp.o
 .debug_info    0x0000000000003634      0x20c Core/Src/stm32f1xx_it.o
 .debug_info    0x0000000000003840      0x29d Core/Src/system_stm32f1xx.o
 .debug_info    0x0000000000003add       0x22 Core/Startup/startup_stm32f103rbtx.o
 .debug_info    0x0000000000003aff      0x7e8 Drivers/STM32F1xx_HAL_Driver/Src/stm32f1xx_hal.o
 .debug_info    0x00000000000042e7      0xcb3 Drivers/STM32F1xx_HAL_Driver/Src/stm32f1xx_hal_cortex.o
 .debug_info    0x0000000000004f9a      0x6b0 Drivers/STM32F1xx_HAL_Driver/Src/stm32f1xx_hal_gpio.o
 .debug_info    0x000000000000564a      0xa89 Drivers/STM32F1xx_HAL_Driver/Src/stm32f1xx_hal_rcc.o

.debug_abbrev   0x0000000000000000     0x164b
 .debug_abbrev  0x0000000000000000      0x23d Core/Src/Example/ws2812b/ws2812b_example.o
 .debug_abbrev  0x000000000000023d      0x33c Core/Src/Peripheral_Drivers/ws2812b/ws2812b.o
 .debug_abbrev  0x0000000000000579      0x2e0 Core/Src/main.o
 .debug_abbrev  0x0000000000000859      0x195 Core/Src/stm32f1xx_hal_msp.o
 .debug_abbrev  0x00000000000009ee      0x117 Core/Src/stm32f1xx_it.o
 .debug_abbrev  0x0000000000000b05      0x134 Core/Src/system_stm32f1xx.o
 .debug_abbrev  0x0000000000000c39       0x12 Core/Startup/startup_stm32f103rbtx.o
 .debug_abbrev  0x0000000000000c4b      0x240 Drivers/STM32F1xx_HAL_Driver/Src/stm32f1xx_hal.o
 .debug_abbrev  0x0000000000000e8b      0x2fb Drivers/STM32F1xx_HAL_Driver/Src/stm32f1xx_hal_cortex.o
 .debug_abbrev  0x0000000000001186      0x1dc Drivers/STM32F1xx_HAL_Driver/Src/stm32f1xx_hal_gpio.o
 .debug_abbrev  0x0000000000001362      0x2e9 Drivers/STM32F1xx_HAL_Driver/Src/stm32f1xx_hal_rcc.o

.debug_aranges  0x0000000000000000      0x3b8
 .debug_aranges
                0x0000000000000000       0x28 Core/Src/Example/ws2812b/ws2812b_example.o
 .debug_aranges
                0x0000000000000028       0x50 Core/Src/Peripheral_Drivers/ws2812b/ws2812b.o
 .debug_aranges
                0x0000000000000078       0x30 Core/Src/main.o
 .debug_aranges
                0x00000000000000a8       0x30 Core/Src/stm32f1xx_hal_msp.o
 .debug_aranges
                0x00000000000000d8       0x48 Core/Src/stm32f1xx_it.o
 .debug_aranges
                0x0000000000000120       0x28 Core/Src/system_stm32f1xx.o
 .debug_aranges
                0x0000000000000148       0x28 Core/Startup/startup_stm32f103rbtx.o
 .debug_aranges
                0x0000000000000170       0xd8 Drivers/STM32F1xx_HAL_Driver/Src/stm32f1xx_hal.o
 .debug_aranges
                0x0000000000000248       0x90 Drivers/STM32F1xx_HAL_Driver/Src/stm32f1xx_hal_cortex.o
 .debug_aranges
                0x00000000000002d8       0x58 Drivers/STM32F1xx_HAL_Driver/Src/stm32f1xx_hal_gpio.o
 .debug_aranges
                0x0000000000000330       0x88 Drivers/STM32F1xx_HAL_Driver/Src/stm32f1xx_hal_rcc.o

.debug_ranges   0x0000000000000000      0x5f8
 .debug_ranges  0x0000000000000000       0x18 Core/Src/Example/ws2812b/ws2812b_example.o
 .debug_ranges  0x0000000000000018      0x118 Core/Src/Peripheral_Drivers/ws2812b/ws2812b.o
 .debug_ranges  0x0000000000000130       0x78 Core/Src/main.o
 .debug_ranges  0x00000000000001a8       0x70 Core/Src/stm32f1xx_hal_msp.o
 .debug_ranges  0x0000000000000218       0x38 Core/Src/stm32f1xx_it.o
 .debug_ranges  0x0000000000000250       0x18 Core/Src/system_stm32f1xx.o
 .debug_ranges  0x0000000000000268       0x20 Core/Startup/startup_stm32f103rbtx.o
 .debug_ranges  0x0000000000000288       0xc8 Drivers/STM32F1xx_HAL_Driver/Src/stm32f1xx_hal.o
 .debug_ranges  0x0000000000000350      0x148 Drivers/STM32F1xx_HAL_Driver/Src/stm32f1xx_hal_cortex.o
 .debug_ranges  0x0000000000000498       0x68 Drivers/STM32F1xx_HAL_Driver/Src/stm32f1xx_hal_gpio.o
 .debug_ranges  0x0000000000000500       0xf8 Drivers/STM32F1xx_HAL_Driver/Src/stm32f1xx_hal_rcc.o

.debug_macro    0x0000000000000000    0x1703c
 .debug_macro   0x0000000000000000      0x245 Core/Src/Example/ws2812b/ws2812b_example.o
 .debug_macro   0x0000000000000245      0xa66 Core/Src/Example/ws2812b/ws2812b_example.o
 .debug_macro   0x0000000000000cab       0x22 Core/Src/Example/ws2812b/ws2812b_example.o
 .debug_macro   0x0000000000000ccd       0x8e Core/Src/Example/ws2812b/ws2812b_example.o
 .debug_macro   0x0000000000000d5b       0x51 Core/Src/Example/ws2812b/ws2812b_example.o
 .debug_macro   0x0000000000000dac       0xef Core/Src/Example/ws2812b/ws2812b_example.o
 .debug_macro   0x0000000000000e9b       0x6a Core/Src/Example/ws2812b/ws2812b_example.o
 .debug_macro   0x0000000000000f05      0x1df Core/Src/Example/ws2812b/ws2812b_example.o
 .debug_macro   0x00000000000010e4      0x215 Core/Src/Example/ws2812b/ws2812b_example.o
 .debug_macro   0x00000000000012f9       0x2e Core/Src/Example/ws2812b/ws2812b_example.o
 .debug_macro   0x0000000000001327       0x22 Core/Src/Example/ws2812b/ws2812b_example.o
 .debug_macro   0x0000000000001349       0x1c Core/Src/Example/ws2812b/ws2812b_example.o
 .debug_macro   0x0000000000001365       0x22 Core/Src/Example/ws2812b/ws2812b_example.o
 .debug_macro   0x0000000000001387       0xc3 Core/Src/Example/ws2812b/ws2812b_example.o
 .debug_macro   0x000000000000144a      0xd23 Core/Src/Example/ws2812b/ws2812b_example.o
 .debug_macro   0x000000000000216d     0xe09e Core/Src/Example/ws2812b/ws2812b_example.o
 .debug_macro   0x000000000001020b       0x6d Core/Src/Example/ws2812b/ws2812b_example.o
 .debug_macro   0x0000000000010278     0x3468 Core/Src/Example/ws2812b/ws2812b_example.o
 .debug_macro   0x00000000000136e0      0x174 Core/Src/Example/ws2812b/ws2812b_example.o
 .debug_macro   0x0000000000013854       0x5c Core/Src/Example/ws2812b/ws2812b_example.o
 .debug_macro   0x00000000000138b0      0x5be Core/Src/Example/ws2812b/ws2812b_example.o
 .debug_macro   0x0000000000013e6e      0x289 Core/Src/Example/ws2812b/ws2812b_example.o
 .debug_macro   0x00000000000140f7      0x1cb Core/Src/Example/ws2812b/ws2812b_example.o
 .debug_macro   0x00000000000142c2      0x114 Core/Src/Example/ws2812b/ws2812b_example.o
 .debug_macro   0x00000000000143d6      0x1b2 Core/Src/Example/ws2812b/ws2812b_example.o
 .debug_macro   0x0000000000014588       0x27 Core/Src/Example/ws2812b/ws2812b_example.o
 .debug_macro   0x00000000000145af      0x136 Core/Src/Example/ws2812b/ws2812b_example.o
 .debug_macro   0x00000000000146e5      0x1bc Core/Src/Example/ws2812b/ws2812b_example.o
 .debug_macro   0x00000000000148a1       0x34 Core/Src/Example/ws2812b/ws2812b_example.o
 .debug_macro   0x00000000000148d5       0x3c Core/Src/Example/ws2812b/ws2812b_example.o
 .debug_macro   0x0000000000014911       0x57 Core/Src/Example/ws2812b/ws2812b_example.o
 .debug_macro   0x0000000000014968       0x88 Core/Src/Example/ws2812b/ws2812b_example.o
 .debug_macro   0x00000000000149f0      0x241 Core/Src/Example/ws2812b/ws2812b_example.o
 .debug_macro   0x0000000000014c31      0x141 Core/Src/Example/ws2812b/ws2812b_example.o
 .debug_macro   0x0000000000014d72      0x8d1 Core/Src/Example/ws2812b/ws2812b_example.o
 .debug_macro   0x0000000000015643       0x83 Core/Src/Example/ws2812b/ws2812b_example.o
 .debug_macro   0x00000000000156c6       0x46 Core/Src/Example/ws2812b/ws2812b_example.o
 .debug_macro   0x000000000001570c       0x18 Core/Src/Example/ws2812b/ws2812b_example.o
 .debug_macro   0x0000000000015724       0x3c Core/Src/Example/ws2812b/ws2812b_example.o
 .debug_macro   0x0000000000015760       0x34 Core/Src/Example/ws2812b/ws2812b_example.o
 .debug_macro   0x0000000000015794       0x52 Core/Src/Example/ws2812b/ws2812b_example.o
 .debug_macro   0x00000000000157e6       0x1f Core/Src/Example/ws2812b/ws2812b_example.o
 .debug_macro   0x0000000000015805       0x43 Core/Src/Example/ws2812b/ws2812b_example.o
 .debug_macro   0x0000000000015848       0x20 Core/Src/Example/ws2812b/ws2812b_example.o
 .debug_macro   0x0000000000015868      0x1a3 Core/Src/Example/ws2812b/ws2812b_example.o
 .debug_macro   0x0000000000015a0b      0x32a Core/Src/Example/ws2812b/ws2812b_example.o
 .debug_macro   0x0000000000015d35      0x1e1 Core/Src/Example/ws2812b/ws2812b_example.o
 .debug_macro   0x0000000000015f16       0x16 Core/Src/Example/ws2812b/ws2812b_example.o
 .debug_macro   0x0000000000015f2c      0x24f Core/Src/Peripheral_Drivers/ws2812b/ws2812b.o
 .debug_macro   0x000000000001617b      0x26e Core/Src/main.o
 .debug_macro   0x00000000000163e9       0x10 Core/Src/main.o
 .debug_macro   0x00000000000163f9       0x35 Core/Src/main.o
 .debug_macro   0x000000000001642e       0x20 Core/Src/main.o
 .debug_macro   0x000000000001644e      0x1a3 Core/Src/stm32f1xx_hal_msp.o
 .debug_macro   0x00000000000165f1      0x1ad Core/Src/stm32f1xx_it.o
 .debug_macro   0x000000000001679e      0x199 Core/Src/system_stm32f1xx.o
 .debug_macro   0x0000000000016937      0x1bd Drivers/STM32F1xx_HAL_Driver/Src/stm32f1xx_hal.o
 .debug_macro   0x0000000000016af4      0x199 Drivers/STM32F1xx_HAL_Driver/Src/stm32f1xx_hal_cortex.o
 .debug_macro   0x0000000000016c8d      0x204 Drivers/STM32F1xx_HAL_Driver/Src/stm32f1xx_hal_gpio.o
 .debug_macro   0x0000000000016e91      0x1ab Drivers/STM32F1xx_HAL_Driver/Src/stm32f1xx_hal_rcc.o

.debug_line     0x0000000000000000     0x51be
 .debug_line    0x0000000000000000      0x838 Core/Src/Example/ws2812b/ws2812b_example.o
 .debug_line    0x0000000000000838      0x945 Core/Src/Peripheral_Drivers/ws2812b/ws2812b.o
 .debug_line    0x000000000000117d      0x89a Core/Src/main.o
 .debug_line    0x0000000000001a17      0x690 Core/Src/stm32f1xx_hal_msp.o
 .debug_line    0x00000000000020a7      0x6bb Core/Src/stm32f1xx_it.o
 .debug_line    0x0000000000002762      0x682 Core/Src/system_stm32f1xx.o
 .debug_line    0x0000000000002de4       0x87 Core/Startup/startup_stm32f103rbtx.o
 .debug_line    0x0000000000002e6b      0x83c Drivers/STM32F1xx_HAL_Driver/Src/stm32f1xx_hal.o
 .debug_line    0x00000000000036a7      0x88d Drivers/STM32F1xx_HAL_Driver/Src/stm32f1xx_hal_cortex.o
 .debug_line    0x0000000000003f34      0x831 Drivers/STM32F1xx_HAL_Driver/Src/stm32f1xx_hal_gpio.o
 .debug_line    0x0000000000004765      0xa59 Drivers/STM32F1xx_HAL_Driver/Src/stm32f1xx_hal_rcc.o

.debug_str      0x0000000000000000    0x86458
 .debug_str     0x0000000000000000    0x84c7d Core/Src/Example/ws2812b/ws2812b_example.o
                                      0x8508b (size before relaxing)
 .debug_str     0x0000000000084c7d       0xe8 Core/Src/Peripheral_Drivers/ws2812b/ws2812b.o
                                      0x85123 (size before relaxing)
 .debug_str     0x0000000000084d65      0x75b Core/Src/main.o
                                      0x84f16 (size before relaxing)
 .debug_str     0x00000000000854c0       0x90 Core/Src/stm32f1xx_hal_msp.o
                                      0x81d93 (size before relaxing)
 .debug_str     0x0000000000085550       0xc9 Core/Src/stm32f1xx_it.o
                                      0x818d2 (size before relaxing)
 .debug_str     0x0000000000085619       0x52 Core/Src/system_stm32f1xx.o
                                      0x81896 (size before relaxing)
 .debug_str     0x000000000008566b       0x77 Core/Startup/startup_stm32f103rbtx.o
 .debug_str     0x00000000000856e2      0x58e Drivers/STM32F1xx_HAL_Driver/Src/stm32f1xx_hal.o
                                      0x81f6c (size before relaxing)
 .debug_str     0x0000000000085c70      0x2bb Drivers/STM32F1xx_HAL_Driver/Src/stm32f1xx_hal_cortex.o
                                      0x81f2f (size before relaxing)
 .debug_str     0x0000000000085f2b      0x304 Drivers/STM32F1xx_HAL_Driver/Src/stm32f1xx_hal_gpio.o
                                      0x81c5a (size before relaxing)
 .debug_str     0x000000000008622f      0x229 Drivers/STM32F1xx_HAL_Driver/Src/stm32f1xx_hal_rcc.o
                                      0x81cba (size before relaxing)

.comment        0x0000000000000000       0x7b
 .comment       0x0000000000000000       0x7b Core/Src/Example/ws2812b/ws2812b_example.o
                                         0x7c (size before relaxing)
 .comment       0x000000000000007b       0x7c Core/Src/Peripheral_Drivers/ws2812b/ws2812b.o
 .comment       0x000000000000007b       0x7c Core/Src/main.o
 .comment       0x000000000000007b       0x7c Core/Src/stm32f1xx_hal_msp.o
 .comment       0x000000000000007b       0x7c Core/Src/stm32f1xx_it.o
 .comment       0x000000000000007b       0x7c Core/Src/system_stm32f1xx.o
 .comment       0x000000000000007b       0x7c Drivers/STM32F1xx_HAL_Driver/Src/stm32f1xx_hal.o
 .comment       0x000000000000007b       0x7c Drivers/STM32F1xx_HAL_Driver/Src/stm32f1xx_hal_cortex.o
 .comment       0x000000000000007b       0x7c Drivers/STM32F1xx_HAL_Driver/Src/stm32f1xx_hal_gpio.o
 .comment       0x000000000000007b       0x7c Drivers/STM32F1xx_HAL_Driver/Src/stm32f1xx_hal_rcc.o

.debug_frame    0x0000000000000000      0x888
 .debug_frame   0x0000000000000000       0x50 Core/Src/Example/ws2812b/ws2812b_example.o
 .debug_frame   0x0000000000000050       0xd8 Core/Src/Peripheral_Drivers/ws2812b/ws2812b.o
 .debug_frame   0x0000000000000128       0x5c Core/Src/main.o
 .debug_frame   0x0000000000000184       0x50 Core/Src/stm32f1xx_hal_msp.o
 .debug_frame   0x00000000000001d4       0xa0 Core/Src/stm32f1xx_it.o
 .debug_frame   0x0000000000000274       0x30 Core/Src/system_stm32f1xx.o
 .debug_frame   0x00000000000002a4      0x1d4 Drivers/STM32F1xx_HAL_Driver/Src/stm32f1xx_hal.o
 .debug_frame   0x0000000000000478      0x138 Drivers/STM32F1xx_HAL_Driver/Src/stm32f1xx_hal_cortex.o
 .debug_frame   0x00000000000005b0      0x110 Drivers/STM32F1xx_HAL_Driver/Src/stm32f1xx_hal_gpio.o
 .debug_frame   0x00000000000006c0      0x19c Drivers/STM32F1xx_HAL_Driver/Src/stm32f1xx_hal_rcc.o
 .debug_frame   0x000000000000085c       0x2c c:/st/stm32cubeide_1.3.0/stm32cubeide/plugins/com.st.stm32cube.ide.mcu.externaltools.gnu-tools-for-stm32.7-2018-q2-update.win32_1.0.0.201904181610/tools/bin/../lib/gcc/arm-none-eabi/7.3.1/../../../../arm-none-eabi/lib/thumb/v7-m\libc_nano.a(lib_a-init.o)

.debug_loc      0x0000000000000000     0x13a3
 .debug_loc     0x0000000000000000      0x288 Core/Src/Peripheral_Drivers/ws2812b/ws2812b.o
 .debug_loc     0x0000000000000288       0x14 Core/Src/main.o
 .debug_loc     0x000000000000029c       0xcd Core/Src/system_stm32f1xx.o
 .debug_loc     0x0000000000000369      0x12f Drivers/STM32F1xx_HAL_Driver/Src/stm32f1xx_hal.o
 .debug_loc     0x0000000000000498      0x588 Drivers/STM32F1xx_HAL_Driver/Src/stm32f1xx_hal_cortex.o
 .debug_loc     0x0000000000000a20      0x3ca Drivers/STM32F1xx_HAL_Driver/Src/stm32f1xx_hal_gpio.o
 .debug_loc     0x0000000000000dea      0x5b9 Drivers/STM32F1xx_HAL_Driver/Src/stm32f1xx_hal_rcc.o
