Archive member included to satisfy reference by file (symbol)

c:/st/stm32cubeide_1.3.0/stm32cubeide/plugins/com.st.stm32cube.ide.mcu.externaltools.gnu-tools-for-stm32.7-2018-q2-update.win32_1.0.0.201904181610/tools/bin/../lib/gcc/arm-none-eabi/7.3.1/../../../../arm-none-eabi/lib/thumb/v7-m\libc_nano.a(lib_a-errno.o)
                              Core/Src/syscalls.o (__errno)
c:/st/stm32cubeide_1.3.0/stm32cubeide/plugins/com.st.stm32cube.ide.mcu.externaltools.gnu-tools-for-stm32.7-2018-q2-update.win32_1.0.0.201904181610/tools/bin/../lib/gcc/arm-none-eabi/7.3.1/../../../../arm-none-eabi/lib/thumb/v7-m\libc_nano.a(lib_a-exit.o)
                              c:/st/stm32cubeide_1.3.0/stm32cubeide/plugins/com.st.stm32cube.ide.mcu.externaltools.gnu-tools-for-stm32.7-2018-q2-update.win32_1.0.0.201904181610/tools/bin/../lib/gcc/arm-none-eabi/7.3.1/../../../../arm-none-eabi/lib/thumb/v7-m/crt0.o (exit)
c:/st/stm32cubeide_1.3.0/stm32cubeide/plugins/com.st.stm32cube.ide.mcu.externaltools.gnu-tools-for-stm32.7-2018-q2-update.win32_1.0.0.201904181610/tools/bin/../lib/gcc/arm-none-eabi/7.3.1/../../../../arm-none-eabi/lib/thumb/v7-m\libc_nano.a(lib_a-impure.o)
                              c:/st/stm32cubeide_1.3.0/stm32cubeide/plugins/com.st.stm32cube.ide.mcu.externaltools.gnu-tools-for-stm32.7-2018-q2-update.win32_1.0.0.201904181610/tools/bin/../lib/gcc/arm-none-eabi/7.3.1/../../../../arm-none-eabi/lib/thumb/v7-m\libc_nano.a(lib_a-exit.o) (_global_impure_ptr)
c:/st/stm32cubeide_1.3.0/stm32cubeide/plugins/com.st.stm32cube.ide.mcu.externaltools.gnu-tools-for-stm32.7-2018-q2-update.win32_1.0.0.201904181610/tools/bin/../lib/gcc/arm-none-eabi/7.3.1/../../../../arm-none-eabi/lib/thumb/v7-m\libc_nano.a(lib_a-init.o)
                              c:/st/stm32cubeide_1.3.0/stm32cubeide/plugins/com.st.stm32cube.ide.mcu.externaltools.gnu-tools-for-stm32.7-2018-q2-update.win32_1.0.0.201904181610/tools/bin/../lib/gcc/arm-none-eabi/7.3.1/../../../../arm-none-eabi/lib/thumb/v7-m/crt0.o (__libc_init_array)
c:/st/stm32cubeide_1.3.0/stm32cubeide/plugins/com.st.stm32cube.ide.mcu.externaltools.gnu-tools-for-stm32.7-2018-q2-update.win32_1.0.0.201904181610/tools/bin/../lib/gcc/arm-none-eabi/7.3.1/../../../../arm-none-eabi/lib/thumb/v7-m\libc_nano.a(lib_a-memset.o)
                              c:/st/stm32cubeide_1.3.0/stm32cubeide/plugins/com.st.stm32cube.ide.mcu.externaltools.gnu-tools-for-stm32.7-2018-q2-update.win32_1.0.0.201904181610/tools/bin/../lib/gcc/arm-none-eabi/7.3.1/../../../../arm-none-eabi/lib/thumb/v7-m/crt0.o (memset)
c:/st/stm32cubeide_1.3.0/stm32cubeide/plugins/com.st.stm32cube.ide.mcu.externaltools.gnu-tools-for-stm32.7-2018-q2-update.win32_1.0.0.201904181610/tools/bin/../lib/gcc/arm-none-eabi/7.3.1/../../../../arm-none-eabi/lib/thumb/v7-m\libm.a(lib_a-s_sin.o)
                              Core/Src/ws2812b.o (sin)
c:/st/stm32cubeide_1.3.0/stm32cubeide/plugins/com.st.stm32cube.ide.mcu.externaltools.gnu-tools-for-stm32.7-2018-q2-update.win32_1.0.0.201904181610/tools/bin/../lib/gcc/arm-none-eabi/7.3.1/../../../../arm-none-eabi/lib/thumb/v7-m\libm.a(lib_a-e_rem_pio2.o)
                              c:/st/stm32cubeide_1.3.0/stm32cubeide/plugins/com.st.stm32cube.ide.mcu.externaltools.gnu-tools-for-stm32.7-2018-q2-update.win32_1.0.0.201904181610/tools/bin/../lib/gcc/arm-none-eabi/7.3.1/../../../../arm-none-eabi/lib/thumb/v7-m\libm.a(lib_a-s_sin.o) (__ieee754_rem_pio2)
c:/st/stm32cubeide_1.3.0/stm32cubeide/plugins/com.st.stm32cube.ide.mcu.externaltools.gnu-tools-for-stm32.7-2018-q2-update.win32_1.0.0.201904181610/tools/bin/../lib/gcc/arm-none-eabi/7.3.1/../../../../arm-none-eabi/lib/thumb/v7-m\libm.a(lib_a-k_cos.o)
                              c:/st/stm32cubeide_1.3.0/stm32cubeide/plugins/com.st.stm32cube.ide.mcu.externaltools.gnu-tools-for-stm32.7-2018-q2-update.win32_1.0.0.201904181610/tools/bin/../lib/gcc/arm-none-eabi/7.3.1/../../../../arm-none-eabi/lib/thumb/v7-m\libm.a(lib_a-s_sin.o) (__kernel_cos)
c:/st/stm32cubeide_1.3.0/stm32cubeide/plugins/com.st.stm32cube.ide.mcu.externaltools.gnu-tools-for-stm32.7-2018-q2-update.win32_1.0.0.201904181610/tools/bin/../lib/gcc/arm-none-eabi/7.3.1/../../../../arm-none-eabi/lib/thumb/v7-m\libm.a(lib_a-k_rem_pio2.o)
                              c:/st/stm32cubeide_1.3.0/stm32cubeide/plugins/com.st.stm32cube.ide.mcu.externaltools.gnu-tools-for-stm32.7-2018-q2-update.win32_1.0.0.201904181610/tools/bin/../lib/gcc/arm-none-eabi/7.3.1/../../../../arm-none-eabi/lib/thumb/v7-m\libm.a(lib_a-e_rem_pio2.o) (__kernel_rem_pio2)
c:/st/stm32cubeide_1.3.0/stm32cubeide/plugins/com.st.stm32cube.ide.mcu.externaltools.gnu-tools-for-stm32.7-2018-q2-update.win32_1.0.0.201904181610/tools/bin/../lib/gcc/arm-none-eabi/7.3.1/../../../../arm-none-eabi/lib/thumb/v7-m\libm.a(lib_a-k_sin.o)
[...]
Memory Configuration

Name             Origin             Length             Attributes
RAM              0x0000000020000000 0x0000000000005000 xrw
FLASH            0x0000000008000000 0x0000000000020000 xr
*default*        0x0000000000000000 0xffffffffffffffff

Linker script and memory map

LOAD c:/st/stm32cubeide_1.3.0/stm32cubeide/plugins/com.st.stm32cube.ide.mcu.externaltools.gnu-tools-for-stm32.7-2018-q2-update.win32_1.0.0.201904181610/tools/bin/../lib/gcc/arm-none-eabi/7.3.1/thumb/v7-m/crti.o
LOAD c:/st/stm32cubeide_1.3.0/stm32cubeide/plugins/com.st.stm32cube.ide.mcu.externaltools.gnu-tools-for-stm32.7-2018-q2-update.win32_1.0.0.201904181610/tools/bin/../lib/gcc/arm-none-eabi/7.3.1/thumb/v7-m/crtbegin.o
LOAD c:/st/stm32cubeide_1.3.0/stm32cubeide/plugins/com.st.stm32cube.ide.mcu.externaltools.gnu-tools-for-stm32.7-2018-q2-update.win32_1.0.0.201904181610/tools/bin/../lib/gcc/arm-none-eabi/7.3.1/../../../../arm-none-eabi/lib/thumb/v7-m/crt0.o
LOAD Core/Src/main.o
LOAD Core/Src/stm32f1xx_hal_msp.o
LOAD Core/Src/stm32f1xx_it.o
LOAD Core/Src/syscalls.o
LOAD Core/Src/sysmem.o
LOAD Core/Src/system_stm32f1xx.o
LOAD Core/Src/ws2812b.o
LOAD Core/Startup/startup_stm32f103rbtx.o
LOAD Drivers/STM32F1xx_HAL_Driver/Src/stm32f1xx_hal.o
LOAD Drivers/STM32F1xx_HAL_Driver/Src/stm32f1xx_hal_cortex.o
LOAD Drivers/STM32F1xx_HAL_Driver/Src/stm32f1xx_hal_dma.o
LOAD Drivers/STM32F1xx_HAL_Driver/Src/stm32f1xx_hal_exti.o
LOAD Drivers/STM32F1xx_HAL_Driver/Src/stm32f1xx_hal_flash.o
LOAD Drivers/STM32F1xx_HAL_Driver/Src/stm32f1xx_hal_flash_ex.o
LOAD Drivers/STM32F1xx_HAL_Driver/Src/stm32f1xx_hal_gpio.o
LOAD Drivers/STM32F1xx_HAL_Driver/Src/stm32f1xx_hal_gpio_ex.o
LOAD Drivers/STM32F1xx_HAL_Driver/Src/stm32f1xx_hal_pwr.o
LOAD Drivers/STM32F1xx_HAL_Driver/Src/stm32f1xx_hal_rcc.o
LOAD Drivers/STM32F1xx_HAL_Driver/Src/stm32f1xx_hal_rcc_ex.o
LOAD Drivers/STM32F1xx_HAL_Driver/Src/stm32f1xx_hal_tim.o
LOAD Drivers/STM32F1xx_HAL_Driver/Src/stm32f1xx_hal_tim_ex.o
START GROUP
LOAD c:/st/stm32cubeide_1.3.0/stm32cubeide/plugins/com.st.stm32cube.ide.mcu.externaltools.gnu-tools-for-stm32.7-2018-q2-update.win32_1.0.0.201904181610/tools/bin/../lib/gcc/arm-none-eabi/7.3.1/../../../../arm-none-eabi/lib/thumb/v7-m\libc_nano.a
LOAD c:/st/stm32cubeide_1.3.0/stm32cubeide/plugins/com.st.stm32cube.ide.mcu.externaltools.gnu-tools-for-stm32.7-2018-q2-update.win32_1.0.0.201904181610/tools/bin/../lib/gcc/arm-none-eabi/7.3.1/../../../../arm-none-eabi/lib/thumb/v7-m\libm.a
END GROUP
START GROUP
LOAD c:/st/stm32cubeide_1.3.0/stm32cubeide/plugins/com.st.stm32cube.ide.mcu.externaltools.gnu-tools-for-stm32.7-2018-q2-update.win32_1.0.0.201904181610/tools/bin/../lib/gcc/arm-none-eabi/7.3.1/thumb/v7-m\libgcc.a
LOAD c:/st/stm32cubeide_1.3.0/stm32cubeide/plugins/com.st.stm32cube.ide.mcu.externaltools.gnu-tools-for-stm32.7-2018-q2-update.win32_1.0.0.201904181610/tools/bin/../lib/gcc/arm-none-eabi/7.3.1/../../../../arm-none-eabi/lib/thumb/v7-m\libc_nano.a
END GROUP
START GROUP
LOAD c:/st/stm32cubeide_1.3.0/stm32cubeide/plugins/com.st.stm32cube.ide.mcu.externaltools.gnu-tools-for-stm32.7-2018-q2-update.win32_1.0.0.201904181610/tools/bin/../lib/gcc/arm-none-eabi/7.3.1/thumb/v7-m\libgcc.a
LOAD c:/st/stm32cubeide_1.3.0/stm32cubeide/plugins/com.st.stm32cube.ide.mcu.externaltools.gnu-tools-for-stm32.7-2018-q2-update.win32_1.0.0.201904181610/tools/bin/../lib/gcc/arm-none-eabi/7.3.1/../../../../arm-none-eabi/lib/thumb/v7-m\libc_nano.a
LOAD c:/st/stm32cubeide_1.3.0/stm32cubeide/plugins/com.st.stm32cube.ide.mcu.externaltools.gnu-tools-for-stm32.7-2018-q2-update.win32_1.0.0.201904181610/tools/bin/../lib/gcc/arm-none-eabi/7.3.1/../../../../arm-none-eabi/lib/thumb/v7-m\libnosys.a
END GROUP
START GROUP
LOAD c:/st/stm32cubeide_1.3.0/stm32cubeide/plugins/com.st.stm32cube.ide.mcu.externaltools.gnu-tools-for-stm32.7-2018-q2-update.win32_1.0.0.201904181610/tools/bin/../lib/gcc/arm-none-eabi/7.3.1/thumb/v7-m\libgcc.a
LOAD c:/st/stm32cubeide_1.3.0/stm32cubeide/plugins/com.st.stm32cube.ide.mcu.externaltools.gnu-tools-for-stm32.7-2018-q2-update.win32_1.0.0.201904181610/tools/bin/../lib/gcc/arm-none-eabi/7.3.1/../../../../arm-none-eabi/lib/thumb/v7-m\libc_nano.a
LOAD c:/st/stm32cubeide_1.3.0/stm32cubeide/plugins/com.st.stm32cube.ide.mcu.externaltools.gnu-tools-for-stm32.7-2018-q2-update.win32_1.0.0.201904181610/tools/bin/../lib/gcc/arm-none-eabi/7.3.1/../../../../arm-none-eabi/lib/thumb/v7-m\libnosys.a
END GROUP
LOAD c:/st/stm32cubeide_1.3.0/stm32cubeide/plugins/com.st.stm32cube.ide.mcu.externaltools.gnu-tools-for-stm32.7-2018-q2-update.win32_1.0.0.201904181610/tools/bin/../lib/gcc/arm-none-eabi/7.3.1/thumb/v7-m/crtend.o
LOAD c:/st/stm32cubeide_1.3.0/stm32cubeide/plugins/com.st.stm32cube.ide.mcu.externaltools.gnu-tools-for-stm32.7-2018-q2-update.win32_1.0.0.201904181610/tools/bin/../lib/gcc/arm-none-eabi/7.3.1/thumb/v7-m/crtn.o
                0x0000000020005000                _estack = (ORIGIN (RAM) + LENGTH (RAM))
                0x0000000000000200                _Min_Heap_Size = 0x200
                0x0000000000000400                _Min_Stack_Size = 0x400

.isr_vector     0x0000000008000000      0x10c
                0x0000000008000000                . = ALIGN (0x4)
 *(.isr_vector)
 .isr_vector    0x0000000008000000      0x10c Core/Startup/startup_stm32f103rbtx.o
                0x0000000008000000                g_pfnVectors
                0x000000000800010c                . = ALIGN (0x4)

.text           0x000000000800010c     0x1038
                0x000000000800010c                . = ALIGN (0x4)
 *(.text)
 .text          0x000000000800010c       0x40 c:/st/stm32cubeide_1.3.0/stm32cubeide/plugins/com.st.stm32cube.ide.mcu.externaltools.gnu-tools-for-stm32.7-2018-q2-update.win32_1.0.0.201904181610/tools/bin/../lib/gcc/arm-none-eabi/7.3.1/thumb/v7-m/crtbegin.o
 *(.text*)
 .text.SystemClock_Config
                0x000000000800014c       0x54 Core/Src/main.o
                0x000000000800014c                SystemClock_Config
 .text.startup.main
                0x00000000080001a0       0x84 Core/Src/main.o
                0x00000000080001a0                main
 .text.HAL_MspInit
                0x0000000008000224       0x44 Core/Src/stm32f1xx_hal_msp.o
                0x0000000008000224                HAL_MspInit
 .text.NMI_Handler
                0x0000000008000268        0x4 Core/Src/stm32f1xx_it.o
                0x0000000008000268                NMI_Handler
 .text.HardFault_Handler
                0x000000000800026c        0x4 Core/Src/stm32f1xx_it.o
                0x000000000800026c                HardFault_Handler
 .text.MemManage_Handler
                0x0000000008000270        0x4 Core/Src/stm32f1xx_it.o
                0x0000000008000270                MemManage_Handler
 .text.BusFault_Handler
                0x0000000008000274        0x4 Core/Src/stm32f1xx_it.o
                0x0000000008000274                BusFault_Handler
 .text.UsageFault_Handler
                0x0000000008000278        0x4 Core/Src/stm32f1xx_it.o
                0x0000000008000278                UsageFault_Handler
 .text.SVC_Handler
                0x000000000800027c        0x4 Core/Src/stm32f1xx_it.o
                0x000000000800027c                SVC_Handler
 .text.DebugMon_Handler
                0x0000000008000280        0x4 Core/Src/stm32f1xx_it.o
                0x0000000008000280                DebugMon_Handler
 .text.PendSV_Handler
                0x0000000008000284        0x4 Core/Src/stm32f1xx_it.o
                0x0000000008000284                PendSV_Handler
 .text.SysTick_Handler
                0x0000000008000288        0x4 Core/Src/stm32f1xx_it.o
                0x0000000008000288                SysTick_Handler
 .text.SystemInit
                0x000000000800028c        0x4 Core/Src/system_stm32f1xx.o
                0x000000000800028c                SystemInit
 .text.WS2812B_Write
                0x0000000008000290      0x454 Core/Src/ws2812b.o
                0x0000000008000290                WS2812B_Write
 .text.initWs2812b
                0x00000000080006e4       0x28 Core/Src/ws2812b.o
                0x00000000080006e4                initWs2812b
 .text.running_example
                0x000000000800070c       0x94 Core/Src/ws2812b.o
                0x000000000800070c                running_example
 .text.Reset_Handler
                0x00000000080007a0       0x48 Core/Startup/startup_stm32f103rbtx.o
                0x00000000080007a0                Reset_Handler
 .text.Default_Handler
                0x00000000080007e8        0x2 Core/Startup/startup_stm32f103rbtx.o
                0x00000000080007e8                RTC_Alarm_IRQHandler
                0x00000000080007e8                EXTI2_IRQHandler
                0x00000000080007e8                TIM1_CC_IRQHandler
                0x00000000080007e8                PVD_IRQHandler
                0x00000000080007e8                EXTI3_IRQHandler
                0x00000000080007e8                EXTI0_IRQHandler
                0x00000000080007e8                I2C2_EV_IRQHandler
                0x00000000080007e8                ADC1_2_IRQHandler
                0x00000000080007e8                SPI1_IRQHandler
                0x00000000080007e8                TAMPER_IRQHandler
                0x00000000080007e8                DMA1_Channel4_IRQHandler
                0x00000000080007e8                USART3_IRQHandler
                0x00000000080007e8                RTC_IRQHandler
                0x00000000080007e8                DMA1_Channel7_IRQHandler
                0x00000000080007e8                CAN1_RX1_IRQHandler
                0x00000000080007e8                TIM4_IRQHandler
                0x00000000080007e8                I2C1_EV_IRQHandler
                0x00000000080007e8                DMA1_Channel6_IRQHandler
                0x00000000080007e8                TIM3_IRQHandler
                0x00000000080007e8                RCC_IRQHandler
                0x00000000080007e8                TIM1_TRG_COM_IRQHandler
                0x00000000080007e8                DMA1_Channel1_IRQHandler
                0x00000000080007e8                Default_Handler
                0x00000000080007e8                EXTI15_10_IRQHandler
                0x00000000080007e8                EXTI9_5_IRQHandler
                0x00000000080007e8                SPI2_IRQHandler
                0x00000000080007e8                DMA1_Channel5_IRQHandler
                0x00000000080007e8                EXTI4_IRQHandler
                0x00000000080007e8                USB_LP_CAN1_RX0_IRQHandler
                0x00000000080007e8                USB_HP_CAN1_TX_IRQHandler
                0x00000000080007e8                DMA1_Channel3_IRQHandler
                0x00000000080007e8                TIM1_UP_IRQHandler
                0x00000000080007e8                WWDG_IRQHandler
                0x00000000080007e8                TIM2_IRQHandler
                0x00000000080007e8                TIM1_BRK_IRQHandler
                0x00000000080007e8                EXTI1_IRQHandler
                0x00000000080007e8                USART2_IRQHandler
                0x00000000080007e8                I2C2_ER_IRQHandler
                0x00000000080007e8                DMA1_Channel2_IRQHandler
                0x00000000080007e8                CAN1_SCE_IRQHandler
                0x00000000080007e8                FLASH_IRQHandler
                0x00000000080007e8                USART1_IRQHandler
                0x00000000080007e8                I2C1_ER_IRQHandler
                0x00000000080007e8                USBWakeUp_IRQHandler
 *fill*         0x00000000080007ea        0x2 
 .text.HAL_InitTick
                0x00000000080007ec       0x48 Drivers/STM32F1xx_HAL_Driver/Src/stm32f1xx_hal.o
                0x00000000080007ec                HAL_InitTick
 .text.HAL_Init
                0x0000000008000834       0x24 Drivers/STM32F1xx_HAL_Driver/Src/stm32f1xx_hal.o
                0x0000000008000834                HAL_Init
 .text.HAL_IncTick
                0x0000000008000858       0x18 Drivers/STM32F1xx_HAL_Driver/Src/stm32f1xx_hal.o
                0x0000000008000858                HAL_IncTick
 .text.HAL_GetTick
                0x0000000008000870        0xc Drivers/STM32F1xx_HAL_Driver/Src/stm32f1xx_hal.o
                0x0000000008000870                HAL_GetTick
 .text.HAL_Delay
                0x000000000800087c       0x24 Drivers/STM32F1xx_HAL_Driver/Src/stm32f1xx_hal.o
                0x000000000800087c                HAL_Delay
 .text.HAL_NVIC_SetPriorityGrouping
                0x00000000080008a0       0x24 Drivers/STM32F1xx_HAL_Driver/Src/stm32f1xx_hal_cortex.o
                0x00000000080008a0                HAL_NVIC_SetPriorityGrouping
 .text.HAL_NVIC_SetPriority
                0x00000000080008c4       0x6c Drivers/STM32F1xx_HAL_Driver/Src/stm32f1xx_hal_cortex.o
                0x00000000080008c4                HAL_NVIC_SetPriority
 .text.HAL_SYSTICK_Config
                0x0000000008000930       0x30 Drivers/STM32F1xx_HAL_Driver/Src/stm32f1xx_hal_cortex.o
                0x0000000008000930                HAL_SYSTICK_Config
 .text.HAL_GPIO_Init
                0x0000000008000960      0x1f4 Drivers/STM32F1xx_HAL_Driver/Src/stm32f1xx_hal_gpio.o
                0x0000000008000960                HAL_GPIO_Init
 .text.HAL_GPIO_WritePin
                0x0000000008000b54        0x8 Drivers/STM32F1xx_HAL_Driver/Src/stm32f1xx_hal_gpio.o
                0x0000000008000b54                HAL_GPIO_WritePin
 .text.HAL_RCC_OscConfig
                0x0000000008000b5c      0x3f0 Drivers/STM32F1xx_HAL_Driver/Src/stm32f1xx_hal_rcc.o
                0x0000000008000b5c                HAL_RCC_OscConfig
 .text.HAL_RCC_ClockConfig
                0x0000000008000f4c      0x198 Drivers/STM32F1xx_HAL_Driver/Src/stm32f1xx_hal_rcc.o
                0x0000000008000f4c                HAL_RCC_ClockConfig
 .text.__libc_init_array
                0x00000000080010e4       0x48 c:/st/stm32cubeide_1.3.0/stm32cubeide/plugins/com.st.stm32cube.ide.mcu.externaltools.gnu-tools-for-stm32.7-2018-q2-update.win32_1.0.0.201904181610/tools/bin/../lib/gcc/arm-none-eabi/7.3.1/../../../../arm-none-eabi/lib/thumb/v7-m\libc_nano.a(lib_a-init.o)
                0x00000000080010e4                __libc_init_array
 *(.glue_7)
 .glue_7        0x000000000800112c        0x0 linker stubs
 *(.glue_7t)
 .glue_7t       0x000000000800112c        0x0 linker stubs
 *(.eh_frame)
 .eh_frame      0x000000000800112c        0x0 c:/st/stm32cubeide_1.3.0/stm32cubeide/plugins/com.st.stm32cube.ide.mcu.externaltools.gnu-tools-for-stm32.7-2018-q2-update.win32_1.0.0.201904181610/tools/bin/../lib/gcc/arm-none-eabi/7.3.1/thumb/v7-m/crtbegin.o
 *(.init)
 .init          0x000000000800112c        0x4 c:/st/stm32cubeide_1.3.0/stm32cubeide/plugins/com.st.stm32cube.ide.mcu.externaltools.gnu-tools-for-stm32.7-2018-q2-update.win32_1.0.0.201904181610/tools/bin/../lib/gcc/arm-none-eabi/7.3.1/thumb/v7-m/crti.o
                0x000000000800112c                _init
 .init          0x0000000008001130        0x8 c:/st/stm32cubeide_1.3.0/stm32cubeide/plugins/com.st.stm32cube.ide.mcu.externaltools.gnu-tools-for-stm32.7-2018-q2-update.win32_1.0.0.201904181610/tools/bin/../lib/gcc/arm-none-eabi/7.3.1/thumb/v7-m/crtn.o
 *(.fini)
 .fini          0x0000000008001138        0x4 c:/st/stm32cubeide_1.3.0/stm32cubeide/plugins/com.st.stm32cube.ide.mcu.externaltools.gnu-tools-for-stm32.7-2018-q2-update.win32_1.0.0.201904181610/tools/bin/../lib/gcc/arm-none-eabi/7.3.1/thumb/v7-m/crti.o
                0x0000000008001138                _fini
 .fini          0x000000000800113c        0x8 c:/st/stm32cubeide_1.3.0/stm32cubeide/plugins/com.st.stm32cube.ide.mcu.externaltools.gnu-tools-for-stm32.7-2018-q2-update.win32_1.0.0.201904181610/tools/bin/../lib/gcc/arm-none-eabi/7.3.1/thumb/v7-m/crtn.o
                0x0000000008001144                . = ALIGN (0x4)
                0x0000000008001144                _etext = .

.vfp11_veneer   0x0000000008001144        0x0
 .vfp11_veneer  0x0000000008001144        0x0 linker stubs

.v4_bx          0x0000000008001144        0x0
 .v4_bx         0x0000000008001144        0x0 linker stubs

.iplt           0x0000000008001144        0x0
 .iplt          0x0000000008001144        0x0 c:/st/stm32cubeide_1.3.0/stm32cubeide/plugins/com.st.stm32cube.ide.mcu.externaltools.gnu-tools-for-stm32.7-2018-q2-update.win32_1.0.0.201904181610/tools/bin/../lib/gcc/arm-none-eabi/7.3.1/thumb/v7-m/crtbegin.o

.rodata         0x0000000008001144       0x20
                0x0000000008001144                . = ALIGN (0x4)
 *(.rodata)
 .rodata        0x0000000008001144       0x10 Drivers/STM32F1xx_HAL_Driver/Src/stm32f1xx_hal_rcc.o
 *(.rodata*)
 .rodata.AHBPrescTable
                0x0000000008001154       0x10 Core/Src/system_stm32f1xx.o
                0x0000000008001154                AHBPrescTable
                0x0000000008001164                . = ALIGN (0x4)

.rel.dyn        0x0000000008001164        0x0
 .rel.iplt      0x0000000008001164        0x0 c:/st/stm32cubeide_1.3.0/stm32cubeide/plugins/com.st.stm32cube.ide.mcu.externaltools.gnu-tools-for-stm32.7-2018-q2-update.win32_1.0.0.201904181610/tools/bin/../lib/gcc/arm-none-eabi/7.3.1/thumb/v7-m/crtbegin.o

.ARM.extab      0x0000000008001164        0x0
                0x0000000008001164                . = ALIGN (0x4)
 *(.ARM.extab* .gnu.linkonce.armextab.*)
                0x0000000008001164                . = ALIGN (0x4)

.ARM            0x0000000008001164        0x0
                0x0000000008001164                . = ALIGN (0x4)
                0x0000000008001164                __exidx_start = .
 *(.ARM.exidx*)
                0x0000000008001164                __exidx_end = .
                0x0000000008001164                . = ALIGN (0x4)

.preinit_array  0x0000000008001164        0x0
                0x0000000008001164                . = ALIGN (0x4)
                0x0000000008001164                PROVIDE (__preinit_array_start = .)
 *(.preinit_array*)
                0x0000000008001164                PROVIDE (__preinit_array_end = .)
                0x0000000008001164                . = ALIGN (0x4)

.init_array     0x0000000008001164        0x4
                0x0000000008001164                . = ALIGN (0x4)
                0x0000000008001164                PROVIDE (__init_array_start = .)
 *(SORT_BY_NAME(.init_array.*))
 *(.init_array*)
 .init_array    0x0000000008001164        0x4 c:/st/stm32cubeide_1.3.0/stm32cubeide/plugins/com.st.stm32cube.ide.mcu.externaltools.gnu-tools-for-stm32.7-2018-q2-update.win32_1.0.0.201904181610/tools/bin/../lib/gcc/arm-none-eabi/7.3.1/thumb/v7-m/crtbegin.o
                0x0000000008001168                PROVIDE (__init_array_end = .)
                0x0000000008001168                . = ALIGN (0x4)

.fini_array     0x0000000008001168        0x4
                0x0000000008001168                . = ALIGN (0x4)
                [!provide]                        PROVIDE (__fini_array_start = .)
 *(SORT_BY_NAME(.fini_array.*))
 *(.fini_array*)
 .fini_array    0x0000000008001168        0x4 c:/st/stm32cubeide_1.3.0/stm32cubeide/plugins/com.st.stm32cube.ide.mcu.externaltools.gnu-tools-for-stm32.7-2018-q2-update.win32_1.0.0.201904181610/tools/bin/../lib/gcc/arm-none-eabi/7.3.1/thumb/v7-m/crtbegin.o
                [!provide]                        PROVIDE (__fini_array_end = .)
                0x000000000800116c                . = ALIGN (0x4)
                0x000000000800116c                _sidata = LOADADDR (.data)

.data           0x0000000020000000       0x1c load address 0x000000000800116c
                0x0000000020000000                . = ALIGN (0x4)
                0x0000000020000000                _sdata = .
 *(.data)
 *(.data*)
 .data.SystemCoreClock
                0x0000000020000000        0x4 Core/Src/system_stm32f1xx.o
                0x0000000020000000                SystemCoreClock
 .data.ws2812b  0x0000000020000004       0x10 Core/Src/ws2812b.o
 .data.uwTickFreq
                0x0000000020000014        0x1 Drivers/STM32F1xx_HAL_Driver/Src/stm32f1xx_hal.o
                0x0000000020000014                uwTickFreq
 *fill*         0x0000000020000015        0x3 
 .data.uwTickPrio
                0x0000000020000018        0x4 Drivers/STM32F1xx_HAL_Driver/Src/stm32f1xx_hal.o
                0x0000000020000018                uwTickPrio
                0x000000002000001c                . = ALIGN (0x4)
                0x000000002000001c                _edata = .

.igot.plt       0x000000002000001c        0x0 load address 0x0000000008001188
 .igot.plt      0x000000002000001c        0x0 c:/st/stm32cubeide_1.3.0/stm32cubeide/plugins/com.st.stm32cube.ide.mcu.externaltools.gnu-tools-for-stm32.7-2018-q2-update.win32_1.0.0.201904181610/tools/bin/../lib/gcc/arm-none-eabi/7.3.1/thumb/v7-m/crtbegin.o
                0x000000002000001c                . = ALIGN (0x4)

.bss            0x000000002000001c       0x30 load address 0x0000000008001188
                0x000000002000001c                _sbss = .
                0x000000002000001c                __bss_start__ = _sbss
 *(.bss)
 .bss           0x000000002000001c       0x1c c:/st/stm32cubeide_1.3.0/stm32cubeide/plugins/com.st.stm32cube.ide.mcu.externaltools.gnu-tools-for-stm32.7-2018-q2-update.win32_1.0.0.201904181610/tools/bin/../lib/gcc/arm-none-eabi/7.3.1/thumb/v7-m/crtbegin.o
 *(.bss*)
 .bss.current_led.6695
                0x0000000020000038        0x1 Core/Src/ws2812b.o
 *fill*         0x0000000020000039        0x3 
 .bss.leds      0x000000002000003c        0xc Core/Src/ws2812b.o
 *(COMMON)
 COMMON         0x0000000020000048        0x4 Drivers/STM32F1xx_HAL_Driver/Src/stm32f1xx_hal.o
                0x0000000020000048                uwTick
                0x000000002000004c                . = ALIGN (0x4)
                0x000000002000004c                _ebss = .
                0x000000002000004c                __bss_end__ = _ebss

._user_heap_stack
                0x000000002000004c      0x604 load address 0x0000000008001188
                0x0000000020000050                . = ALIGN (0x8)
 *fill*         0x000000002000004c        0x4 
                0x0000000020000050                PROVIDE (end = .)
                [!provide]                        PROVIDE (_end = .)
                0x0000000020000250                . = (. + _Min_Heap_Size)
 *fill*         0x0000000020000050      0x200 
                0x0000000020000650                . = (. + _Min_Stack_Size)
 *fill*         0x0000000020000250      0x400 
                0x0000000020000650                . = ALIGN (0x8)

/DISCARD/
 libc.a(*)
 libm.a(*)
 libgcc.a(*)

.ARM.attributes
                0x0000000000000000       0x29
 *(.ARM.attributes)
 .ARM.attributes
                0x0000000000000000       0x1d c:/st/stm32cubeide_1.3.0/stm32cubeide/plugins/com.st.stm32cube.ide.mcu.externaltools.gnu-tools-for-stm32.7-2018-q2-update.win32_1.0.0.201904181610/tools/bin/../lib/gcc/arm-none-eabi/7.3.1/thumb/v7-m/crti.o
 .ARM.attributes
                0x000000000000001d       0x2d c:/st/stm32cubeide_1.3.0/stm32cubeide/plugins/com.st.stm32cube.ide.mcu.externaltools.gnu-tools-for-stm32.7-2018-q2-update.win32_1.0.0.201904181610/tools/bin/../lib/gcc/arm-none-eabi/7.3.1/thumb/v7-m/crtbegin.o
 .ARM.attributes
                0x000000000000004a       0x2f Core/Src/main.o
 .ARM.attributes
                0x0000000000000079       0x2f Core/Src/stm32f1xx_hal_msp.o
 .ARM.attributes
                0x00000000000000a8       0x2f Core/Src/stm32f1xx_it.o
 .ARM.attributes
                0x00000000000000d7       0x2f Core/Src/system_stm32f1xx.o
 .ARM.attributes
                0x0000000000000106       0x2f Core/Src/ws2812b.o
 .ARM.attributes
                0x0000000000000135       0x21 Core/Startup/startup_stm32f103rbtx.o
 .ARM.attributes
                0x0000000000000156       0x2f Drivers/STM32F1xx_HAL_Driver/Src/stm32f1xx_hal.o
 .ARM.attributes
                0x0000000000000185       0x2f Drivers/STM32F1xx_HAL_Driver/Src/stm32f1xx_hal_cortex.o
 .ARM.attributes
                0x00000000000001b4       0x2f Drivers/STM32F1xx_HAL_Driver/Src/stm32f1xx_hal_gpio.o
 .ARM.attributes
                0x00000000000001e3       0x2f Drivers/STM32F1xx_HAL_Driver/Src/stm32f1xx_hal_rcc.o
 .ARM.attributes
                0x0000000000000212       0x2d c:/st/stm32cubeide_1.3.0/stm32cubeide/plugins/com.st.stm32cube.ide.mcu.externaltools.gnu-tools-for-stm32.7-2018-q2-update.win32_1.0.0.201904181610/tools/bin/../lib/gcc/arm-none-eabi/7.3.1/../../../../arm-none-eabi/lib/thumb/v7-m\libc_nano.a(lib_a-init.o)
 .ARM.attributes
                0x000000000000023f       0x1d c:/st/stm32cubeide_1.3.0/stm32cubeide/plugins/com.st.stm32cube.ide.mcu.externaltools.gnu-tools-for-stm32.7-2018-q2-update.win32_1.0.0.201904181610/tools/bin/../lib/gcc/arm-none-eabi/7.3.1/thumb/v7-m/crtn.o
OUTPUT(SoftwareW2812.elf elf32-littlearm)

.debug_info     0x0000000000000000     0x5951
 .debug_info    0x0000000000000000     0x139e Core/Src/main.o
 .debug_info    0x000000000000139e      0x84a Core/Src/stm32f1xx_hal_msp.o
 .debug_info    0x0000000000001be8      0x20c Core/Src/stm32f1xx_it.o
 .debug_info    0x0000000000001df4      0x29d Core/Src/system_stm32f1xx.o
 .debug_info    0x0000000000002091     0x12ca Core/Src/ws2812b.o
 .debug_info    0x000000000000335b       0x22 Core/Startup/startup_stm32f103rbtx.o
 .debug_info    0x000000000000337d      0x7e8 Drivers/STM32F1xx_HAL_Driver/Src/stm32f1xx_hal.o
 .debug_info    0x0000000000003b65      0xcb3 Drivers/STM32F1xx_HAL_Driver/Src/stm32f1xx_hal_cortex.o
 .debug_info    0x0000000000004818      0x6b0 Drivers/STM32F1xx_HAL_Driver/Src/stm32f1xx_hal_gpio.o
 .debug_info    0x0000000000004ec8      0xa89 Drivers/STM32F1xx_HAL_Driver/Src/stm32f1xx_hal_rcc.o

.debug_abbrev   0x0000000000000000     0x1475
 .debug_abbrev  0x0000000000000000      0x2e2 Core/Src/main.o
 .debug_abbrev  0x00000000000002e2      0x195 Core/Src/stm32f1xx_hal_msp.o
 .debug_abbrev  0x0000000000000477      0x117 Core/Src/stm32f1xx_it.o
 .debug_abbrev  0x000000000000058e      0x134 Core/Src/system_stm32f1xx.o
 .debug_abbrev  0x00000000000006c2      0x3a1 Core/Src/ws2812b.o
 .debug_abbrev  0x0000000000000a63       0x12 Core/Startup/startup_stm32f103rbtx.o
 .debug_abbrev  0x0000000000000a75      0x240 Drivers/STM32F1xx_HAL_Driver/Src/stm32f1xx_hal.o
 .debug_abbrev  0x0000000000000cb5      0x2fb Drivers/STM32F1xx_HAL_Driver/Src/stm32f1xx_hal_cortex.o
 .debug_abbrev  0x0000000000000fb0      0x1dc Drivers/STM32F1xx_HAL_Driver/Src/stm32f1xx_hal_gpio.o
 .debug_abbrev  0x000000000000118c      0x2e9 Drivers/STM32F1xx_HAL_Driver/Src/stm32f1xx_hal_rcc.o

.debug_aranges  0x0000000000000000      0x3a0
 .debug_aranges
                0x0000000000000000       0x30 Core/Src/main.o
 .debug_aranges
                0x0000000000000030       0x30 Core/Src/stm32f1xx_hal_msp.o
 .debug_aranges
                0x0000000000000060       0x48 Core/Src/stm32f1xx_it.o
 .debug_aranges
                0x00000000000000a8       0x28 Core/Src/system_stm32f1xx.o
 .debug_aranges
                0x00000000000000d0       0x60 Core/Src/ws2812b.o
 .debug_aranges
                0x0000000000000130       0x28 Core/Startup/startup_stm32f103rbtx.o
 .debug_aranges
                0x0000000000000158       0xd8 Drivers/STM32F1xx_HAL_Driver/Src/stm32f1xx_hal.o
 .debug_aranges
                0x0000000000000230       0x90 Drivers/STM32F1xx_HAL_Driver/Src/stm32f1xx_hal_cortex.o
 .debug_aranges
                0x00000000000002c0       0x58 Drivers/STM32F1xx_HAL_Driver/Src/stm32f1xx_hal_gpio.o
 .debug_aranges
                0x0000000000000318       0x88 Drivers/STM32F1xx_HAL_Driver/Src/stm32f1xx_hal_rcc.o

.debug_ranges   0x0000000000000000      0x760
 .debug_ranges  0x0000000000000000       0x78 Core/Src/main.o
 .debug_ranges  0x0000000000000078       0x70 Core/Src/stm32f1xx_hal_msp.o
 .debug_ranges  0x00000000000000e8       0x38 Core/Src/stm32f1xx_it.o
 .debug_ranges  0x0000000000000120       0x18 Core/Src/system_stm32f1xx.o
 .debug_ranges  0x0000000000000138      0x298 Core/Src/ws2812b.o
 .debug_ranges  0x00000000000003d0       0x20 Core/Startup/startup_stm32f103rbtx.o
 .debug_ranges  0x00000000000003f0       0xc8 Drivers/STM32F1xx_HAL_Driver/Src/stm32f1xx_hal.o
 .debug_ranges  0x00000000000004b8      0x148 Drivers/STM32F1xx_HAL_Driver/Src/stm32f1xx_hal_cortex.o
 .debug_ranges  0x0000000000000600       0x68 Drivers/STM32F1xx_HAL_Driver/Src/stm32f1xx_hal_gpio.o
 .debug_ranges  0x0000000000000668       0xf8 Drivers/STM32F1xx_HAL_Driver/Src/stm32f1xx_hal_rcc.o

.debug_macro    0x0000000000000000    0x16e0e
 .debug_macro   0x0000000000000000      0x285 Core/Src/main.o
 .debug_macro   0x0000000000000285      0xa66 Core/Src/main.o
 .debug_macro   0x0000000000000ceb      0x215 Core/Src/main.o
 .debug_macro   0x0000000000000f00       0x2e Core/Src/main.o
 .debug_macro   0x0000000000000f2e       0x22 Core/Src/main.o
 .debug_macro   0x0000000000000f50       0x22 Core/Src/main.o
 .debug_macro   0x0000000000000f72       0x8e Core/Src/main.o
 .debug_macro   0x0000000000001000       0x51 Core/Src/main.o
 .debug_macro   0x0000000000001051       0xef Core/Src/main.o
 .debug_macro   0x0000000000001140       0x6a Core/Src/main.o
 .debug_macro   0x00000000000011aa      0x1df Core/Src/main.o
 .debug_macro   0x0000000000001389       0x1c Core/Src/main.o
 .debug_macro   0x00000000000013a5       0x22 Core/Src/main.o
 .debug_macro   0x00000000000013c7       0xc3 Core/Src/main.o
 .debug_macro   0x000000000000148a      0xd23 Core/Src/main.o
 .debug_macro   0x00000000000021ad     0xe09e Core/Src/main.o
 .debug_macro   0x000000000001024b       0x6d Core/Src/main.o
 .debug_macro   0x00000000000102b8     0x3468 Core/Src/main.o
 .debug_macro   0x0000000000013720      0x174 Core/Src/main.o
 .debug_macro   0x0000000000013894       0x5c Core/Src/main.o
 .debug_macro   0x00000000000138f0      0x5be Core/Src/main.o
 .debug_macro   0x0000000000013eae      0x289 Core/Src/main.o
 .debug_macro   0x0000000000014137      0x1cb Core/Src/main.o
 .debug_macro   0x0000000000014302      0x114 Core/Src/main.o
 .debug_macro   0x0000000000014416      0x1b2 Core/Src/main.o
 .debug_macro   0x00000000000145c8       0x27 Core/Src/main.o
 .debug_macro   0x00000000000145ef      0x136 Core/Src/main.o
 .debug_macro   0x0000000000014725      0x1bc Core/Src/main.o
 .debug_macro   0x00000000000148e1       0x34 Core/Src/main.o
 .debug_macro   0x0000000000014915       0x3c Core/Src/main.o
 .debug_macro   0x0000000000014951       0x57 Core/Src/main.o
 .debug_macro   0x00000000000149a8       0x88 Core/Src/main.o
 .debug_macro   0x0000000000014a30      0x241 Core/Src/main.o
 .debug_macro   0x0000000000014c71      0x141 Core/Src/main.o
 .debug_macro   0x0000000000014db2      0x8d1 Core/Src/main.o
 .debug_macro   0x0000000000015683       0x83 Core/Src/main.o
 .debug_macro   0x0000000000015706       0x46 Core/Src/main.o
 .debug_macro   0x000000000001574c       0x18 Core/Src/main.o
 .debug_macro   0x0000000000015764       0x3c Core/Src/main.o
 .debug_macro   0x00000000000157a0       0x34 Core/Src/main.o
 .debug_macro   0x00000000000157d4       0x52 Core/Src/main.o
 .debug_macro   0x0000000000015826       0x1f Core/Src/main.o
 .debug_macro   0x0000000000015845       0x43 Core/Src/main.o
 .debug_macro   0x0000000000015888       0x20 Core/Src/main.o
 .debug_macro   0x00000000000158a8      0x1a3 Core/Src/main.o
 .debug_macro   0x0000000000015a4b      0x32a Core/Src/main.o
 .debug_macro   0x0000000000015d75       0x10 Core/Src/main.o
 .debug_macro   0x0000000000015d85       0x35 Core/Src/main.o
 .debug_macro   0x0000000000015dba       0x20 Core/Src/main.o
 .debug_macro   0x0000000000015dda      0x1e1 Core/Src/main.o
 .debug_macro   0x0000000000015fbb       0x16 Core/Src/main.o
 .debug_macro   0x0000000000015fd1      0x1a3 Core/Src/stm32f1xx_hal_msp.o
 .debug_macro   0x0000000000016174      0x1ad Core/Src/stm32f1xx_it.o
 .debug_macro   0x0000000000016321      0x199 Core/Src/system_stm32f1xx.o
 .debug_macro   0x00000000000164ba      0x24f Core/Src/ws2812b.o
 .debug_macro   0x0000000000016709      0x1bd Drivers/STM32F1xx_HAL_Driver/Src/stm32f1xx_hal.o
 .debug_macro   0x00000000000168c6      0x199 Drivers/STM32F1xx_HAL_Driver/Src/stm32f1xx_hal_cortex.o
 .debug_macro   0x0000000000016a5f      0x204 Drivers/STM32F1xx_HAL_Driver/Src/stm32f1xx_hal_gpio.o
 .debug_macro   0x0000000000016c63      0x1ab Drivers/STM32F1xx_HAL_Driver/Src/stm32f1xx_hal_rcc.o

.debug_line     0x0000000000000000     0x498b
 .debug_line    0x0000000000000000      0x83e Core/Src/main.o
 .debug_line    0x000000000000083e      0x690 Core/Src/stm32f1xx_hal_msp.o
 .debug_line    0x0000000000000ece      0x6bb Core/Src/stm32f1xx_it.o
 .debug_line    0x0000000000001589      0x682 Core/Src/system_stm32f1xx.o
 .debug_line    0x0000000000001c0b      0x9a6 Core/Src/ws2812b.o
 .debug_line    0x00000000000025b1       0x87 Core/Startup/startup_stm32f103rbtx.o
 .debug_line    0x0000000000002638      0x83c Drivers/STM32F1xx_HAL_Driver/Src/stm32f1xx_hal.o
 .debug_line    0x0000000000002e74      0x88d Drivers/STM32F1xx_HAL_Driver/Src/stm32f1xx_hal_cortex.o
 .debug_line    0x0000000000003701      0x831 Drivers/STM32F1xx_HAL_Driver/Src/stm32f1xx_hal_gpio.o
 .debug_line    0x0000000000003f32      0xa59 Drivers/STM32F1xx_HAL_Driver/Src/stm32f1xx_hal_rcc.o

.debug_str      0x0000000000000000    0x86416
 .debug_str     0x0000000000000000    0x85378 Core/Src/main.o
                                      0x857fa (size before relaxing)
 .debug_str     0x0000000000085378       0xd1 Core/Src/stm32f1xx_hal_msp.o
                                      0x81d84 (size before relaxing)
 .debug_str     0x0000000000085449       0xc9 Core/Src/stm32f1xx_it.o
                                      0x818c3 (size before relaxing)
 .debug_str     0x0000000000085512       0x52 Core/Src/system_stm32f1xx.o
                                      0x81887 (size before relaxing)
 .debug_str     0x0000000000085564      0x106 Core/Src/ws2812b.o
                                      0x85161 (size before relaxing)
 .debug_str     0x000000000008566a       0x36 Core/Startup/startup_stm32f103rbtx.o
                                         0x77 (size before relaxing)
 .debug_str     0x00000000000856a0      0x58e Drivers/STM32F1xx_HAL_Driver/Src/stm32f1xx_hal.o
                                      0x81f5d (size before relaxing)
 .debug_str     0x0000000000085c2e      0x2bb Drivers/STM32F1xx_HAL_Driver/Src/stm32f1xx_hal_cortex.o
                                      0x81f20 (size before relaxing)
 .debug_str     0x0000000000085ee9      0x304 Drivers/STM32F1xx_HAL_Driver/Src/stm32f1xx_hal_gpio.o
                                      0x81c4b (size before relaxing)
 .debug_str     0x00000000000861ed      0x229 Drivers/STM32F1xx_HAL_Driver/Src/stm32f1xx_hal_rcc.o
                                      0x81cab (size before relaxing)

.comment        0x0000000000000000       0x7b
 .comment       0x0000000000000000       0x7b Core/Src/main.o
                                         0x7c (size before relaxing)
 .comment       0x000000000000007b       0x7c Core/Src/stm32f1xx_hal_msp.o
 .comment       0x000000000000007b       0x7c Core/Src/stm32f1xx_it.o
 .comment       0x000000000000007b       0x7c Core/Src/system_stm32f1xx.o
 .comment       0x000000000000007b       0x7c Core/Src/ws2812b.o
 .comment       0x000000000000007b       0x7c Drivers/STM32F1xx_HAL_Driver/Src/stm32f1xx_hal.o
 .comment       0x000000000000007b       0x7c Drivers/STM32F1xx_HAL_Driver/Src/stm32f1xx_hal_cortex.o
 .comment       0x000000000000007b       0x7c Drivers/STM32F1xx_HAL_Driver/Src/stm32f1xx_hal_gpio.o
 .comment       0x000000000000007b       0x7c Drivers/STM32F1xx_HAL_Driver/Src/stm32f1xx_hal_rcc.o

.debug_frame    0x0000000000000000      0x89c
 .debug_frame   0x0000000000000000       0x58 Core/Src/main.o
 .debug_frame   0x0000000000000058       0x50 Core/Src/stm32f1xx_hal_msp.o
 .debug_frame   0x00000000000000a8       0xa0 Core/Src/stm32f1xx_it.o
 .debug_frame   0x0000000000000148       0x30 Core/Src/system_stm32f1xx.o
 .debug_frame   0x0000000000000178      0x140 Core/Src/ws2812b.o
 .debug_frame   0x00000000000002b8      0x1d4 Drivers/STM32F1xx_HAL_Driver/Src/stm32f1xx_hal.o
 .debug_frame   0x000000000000048c      0x138 Drivers/STM32F1xx_HAL_Driver/Src/stm32f1xx_hal_cortex.o
 .debug_frame   0x00000000000005c4      0x110 Drivers/STM32F1xx_HAL_Driver/Src/stm32f1xx_hal_gpio.o
 .debug_frame   0x00000000000006d4      0x19c Drivers/STM32F1xx_HAL_Driver/Src/stm32f1xx_hal_rcc.o
 .debug_frame   0x0000000000000870       0x2c c:/st/stm32cubeide_1.3.0/stm32cubeide/plugins/com.st.stm32cube.ide.mcu.externaltools.gnu-tools-for-stm32.7-2018-q2-update.win32_1.0.0.201904181610/tools/bin/../lib/gcc/arm-none-eabi/7.3.1/../../../../arm-none-eabi/lib/thumb/v7-m\libc_nano.a(lib_a-init.o)

.debug_loc      0x0000000000000000     0x175d
 .debug_loc     0x0000000000000000       0xcd Core/Src/system_stm32f1xx.o
 .debug_loc     0x00000000000000cd      0x656 Core/Src/ws2812b.o
 .debug_loc     0x0000000000000723      0x12f Drivers/STM32F1xx_HAL_Driver/Src/stm32f1xx_hal.o
 .debug_loc     0x0000000000000852      0x588 Drivers/STM32F1xx_HAL_Driver/Src/stm32f1xx_hal_cortex.o
 .debug_loc     0x0000000000000dda      0x3ca Drivers/STM32F1xx_HAL_Driver/Src/stm32f1xx_hal_gpio.o
 .debug_loc     0x00000000000011a4      0x5b9 Drivers/STM32F1xx_HAL_Driver/Src/stm32f1xx_hal_rcc.o
